2025-10-26 12:16:35 | INFO | Iniciando bot en modo LIVE + PayPal P2P...
2025-10-26 12:16:35 | INFO | Iniciando bot en modo LIVE + PayPal P2P...
2025-10-26 12:16:35 | ERROR | No se pudo conectar a Bitso. Revisa claves.
2025-10-26 12:17:03 | INFO | Iniciando bot en modo LIVE + PayPal P2P...
2025-10-26 12:17:03 | INFO | Iniciando bot en modo LIVE + PayPal P2P...
2025-10-26 12:17:03 | ERROR | No se pudo conectar a Bitso. Revisa claves.
2025-10-26 12:19:22 | INFO | Iniciando bot en modo LIVE + PayPal P2P...
2025-10-26 12:19:22 | INFO | Iniciando bot en modo LIVE + PayPal P2P...
2025-10-26 12:19:22 | ERROR | No se pudo conectar a Bitso. Revisa claves.
2025-10-26 12:23:55 | INFO | Iniciando bot en modo LIVE + PayPal P2P...
2025-10-26 12:23:55 | INFO | Iniciando bot en modo LIVE + PayPal P2P...
2025-10-26 12:23:55 | ERROR | No se pudo conectar a Bitso. Revisa claves.
2025-10-26 12:53:07 | INFO | Iniciando bot en modo LIVE + PayPal P2P...
2025-10-26 12:53:07 | INFO | Iniciando bot en modo LIVE + PayPal P2P...
2025-10-26 12:53:07 | ERROR | No se pudo conectar a Bitso. Revisa claves.
2025-10-26 12:56:55 | INFO | Iniciando bot en modo LIVE + PayPal P2P...
2025-10-26 12:56:55 | INFO | Iniciando bot en modo LIVE + PayPal P2P...
2025-10-26 12:56:55 | ERROR | No se pudo conectar a Bitso. Revisa claves.
2025-10-26 12:58:26 | INFO | Iniciando bot en modo LIVE + PayPal P2P...
2025-10-26 12:58:26 | INFO | Iniciando bot en modo LIVE + PayPal P2P...
2025-10-26 12:58:26 | ERROR | No se pudo conectar a Bitso. Revisa claves.
2025-10-26 13:18:01 | INFO | Iniciando bot en modo LIVE + PayPal P2P...
2025-10-26 13:18:01 | INFO | Iniciando bot en modo LIVE + PayPal P2P...
2025-10-26 13:18:01 | ERROR | No se pudo conectar a Bitso. Revisa claves.
2025-10-26 13:25:28 | INFO | Iniciando bot en modo LIVE + PayPal P2P...
2025-10-26 13:25:28 | INFO | Iniciando bot en modo LIVE + PayPal P2P...
2025-10-26 13:25:28 | ERROR | No se pudo conectar a Bitso. Revisa claves.
2025-10-26 13:46:30 | INFO | Iniciando bot en modo LIVE + PayPal P2P...
2025-10-26 13:46:30 | INFO | Iniciando bot en modo LIVE + PayPal P2P...
2025-10-26 13:46:30 | ERROR | No se pudo conectar a Bitso. Revisa claves.
2025-10-26 15:03:49 | INFO | Iniciando bot en modo LIVE + PayPal P2P...
2025-10-26 15:03:49 | INFO | Iniciando bot en modo LIVE + PayPal P2P...
2025-10-26 15:06:09 | INFO | Iniciando bot en modo LIVE + PayPal P2P...
2025-10-26 15:06:09 | INFO | Iniciando bot en modo LIVE + PayPal P2P...
2025-10-26 15:08:46 | INFO | Iniciando bot en modo LIVE + PayPal P2P...
2025-10-26 15:08:46 | INFO | Iniciando bot en modo LIVE + PayPal P2P...
2025-10-26 15:10:34 | INFO | Iniciando bot en modo LIVE + PayPal P2P...
2025-10-26 15:10:34 | INFO | Iniciando bot en modo LIVE + PayPal P2P...
2025-10-26 15:13:10 | INFO | Iniciando bot en modo LIVE + PayPal P2P...
2025-10-26 15:13:10 | INFO | Iniciando bot en modo LIVE + PayPal P2P...
2025-10-26 15:27:58 | INFO | Iniciando bot en modo LIVE + PayPal P2P...
2025-10-26 15:27:58 | INFO | Iniciando bot en modo LIVE + PayPal P2P...
2025-10-26 15:31:03 | INFO | Iniciando bot en modo LIVE + PayPal P2P...
2025-10-26 15:31:03 | INFO | Iniciando bot en modo LIVE + PayPal P2P...
2025-10-26 15:33:19 | INFO | Iniciando bot en modo LIVE + PayPal P2P...
2025-10-26 15:33:19 | INFO | Iniciando bot en modo LIVE + PayPal P2P...
2025-10-26 15:35:49 | INFO | Iniciando bot en modo LIVE + PayPal P2P...
2025-10-26 15:35:49 | INFO | Iniciando bot en modo LIVE + PayPal P2P...
2025-10-26 15:36:27 | INFO | Iniciando bot en modo LIVE + PayPal P2P...
2025-10-26 15:36:27 | INFO | Iniciando bot en modo LIVE + PayPal P2P...
2025-10-26 15:38:11 | INFO | Iniciando bot en modo LIVE + PayPal P2P...
2025-10-26 15:38:11 | INFO | Iniciando bot en modo LIVE + PayPal P2P...
2025-10-26 15:39:58 | INFO | Iniciando bot en modo LIVE + PayPal P2P...
2025-10-26 15:39:58 | INFO | Iniciando bot en modo LIVE + PayPal P2P...
2025-10-26 15:44:48 | INFO | Iniciando bot en modo LIVE + PayPal P2P...
2025-10-26 15:44:48 | INFO | Iniciando bot en modo LIVE + PayPal P2P...
2025-10-26 15:47:45 | INFO | Iniciando bot en modo LIVE + PayPal P2P...
2025-10-26 15:47:45 | INFO | Iniciando bot en modo LIVE + PayPal P2P...
2025-10-26 18:42:36 | INFO | Iniciando bot en modo LIVE + PayPal P2P...
2025-10-26 18:42:36 | INFO | Iniciando bot en modo LIVE + PayPal P2P...
2025-10-26 18:44:20 | INFO | Iniciando bot en modo LIVE + PayPal P2P...
2025-10-26 18:44:20 | INFO | Iniciando bot en modo LIVE + PayPal P2P...
2025-10-26 18:51:40 | INFO | Iniciando bot en modo LIVE + PayPal P2P...
2025-10-26 18:51:40 | INFO | Iniciando bot en modo LIVE + PayPal P2P...
2025-10-26 18:54:16 | INFO | Iniciando bot en modo LIVE + PayPal P2P...
2025-10-26 18:54:16 | INFO | Iniciando bot en modo LIVE + PayPal P2P...
2025-10-26 18:54:16 | INFO | Bot iniciado correctamente. Investigación cada 2 min.
2025-10-26 18:54:16 | INFO | Bot en ejecución 24/7...
2025-10-26 18:54:59 | INFO | Bot detenido por el usuario.
