2025-10-24 18:32:08,084 - INFO - Conexión a Binance (Testnet)
2025-10-24 18:32:08,109 - INFO - Bot inicializado correctamente
2025-10-24 18:32:08,114 - INFO - Bot iniciado en modo autónomo (TESTNET)
2025-10-24 18:48:28,376 - INFO - Conexión a Binance (Testnet)
2025-10-24 18:48:28,427 - INFO - Bot inicializado correctamente
2025-10-24 18:48:28,427 - INFO - Adding job tentatively -- it will be properly scheduled when the scheduler starts
2025-10-24 18:48:28,427 - INFO - Adding job tentatively -- it will be properly scheduled when the scheduler starts
2025-10-24 18:48:28,442 - INFO - Added job "TradingBot.research_cycle" to job store "default"
2025-10-24 18:48:28,458 - INFO - Added job "Trader.check_positions" to job store "default"
2025-10-24 18:48:28,460 - INFO - Scheduler started
2025-10-24 18:48:28,462 - INFO - Bot iniciado con APScheduler (MODO TESTNET)
2025-10-24 18:49:28,443 - INFO - Running job "Trader.check_positions (trigger: interval[0:01:00], next run at: 2025-10-24 18:49:28 -03)" (scheduled at 2025-10-24 18:49:28.427343-03:00)
2025-10-24 18:49:28,443 - INFO - Job "Trader.check_positions (trigger: interval[0:01:00], next run at: 2025-10-24 18:50:28 -03)" executed successfully
2025-10-24 18:50:00,228 - INFO - Scheduler has been shut down
2025-10-24 18:50:00,237 - INFO - Bot detenido correctamente
2025-10-24 18:50:10,214 - INFO - Conexión a Binance (Testnet)
2025-10-24 18:50:10,246 - INFO - Bot inicializado correctamente
2025-10-24 18:50:10,252 - INFO - Adding job tentatively -- it will be properly scheduled when the scheduler starts
2025-10-24 18:50:10,254 - INFO - Adding job tentatively -- it will be properly scheduled when the scheduler starts
2025-10-24 18:50:10,256 - INFO - Added job "TradingBot.research_cycle" to job store "default"
2025-10-24 18:50:10,256 - INFO - Added job "Trader.check_positions" to job store "default"
2025-10-24 18:50:10,256 - INFO - Scheduler started
2025-10-24 18:50:10,277 - INFO - Bot iniciado con APScheduler (MODO TESTNET)
2025-10-24 18:51:08,877 - INFO - Scheduler has been shut down
2025-10-24 18:51:08,877 - INFO - Bot detenido correctamente
2025-10-24 18:57:16,286 - INFO - Conexión a Binance (Testnet)
2025-10-24 18:57:16,323 - INFO - Bot inicializado correctamente
2025-10-24 18:57:16,329 - INFO - Adding job tentatively -- it will be properly scheduled when the scheduler starts
2025-10-24 18:57:16,329 - INFO - Adding job tentatively -- it will be properly scheduled when the scheduler starts
2025-10-24 18:57:16,329 - INFO - Adding job tentatively -- it will be properly scheduled when the scheduler starts
2025-10-24 18:57:16,335 - INFO - Adding job tentatively -- it will be properly scheduled when the scheduler starts
2025-10-24 18:57:16,341 - INFO - Added job "TradingBot.research_cycle" to job store "default"
2025-10-24 18:57:16,353 - INFO - Added job "Trader.check_positions" to job store "default"
2025-10-24 18:59:15,479 - INFO - Conexión a Binance (Testnet)
2025-10-24 18:59:15,522 - INFO - Bot inicializado correctamente
2025-10-24 18:59:15,528 - INFO - Adding job tentatively -- it will be properly scheduled when the scheduler starts
2025-10-24 18:59:15,531 - INFO - Adding job tentatively -- it will be properly scheduled when the scheduler starts
2025-10-24 18:59:15,536 - INFO - Added job "TradingBot.research_cycle" to job store "default"
2025-10-24 18:59:15,543 - INFO - Added job "Trader.check_positions" to job store "default"
2025-10-24 18:59:15,544 - INFO - Scheduler started
2025-10-24 18:59:15,545 - INFO - Bot iniciado con APScheduler (MODO TESTNET)
2025-10-24 19:00:15,536 - INFO - Running job "Trader.check_positions (trigger: interval[0:01:00], next run at: 2025-10-24 19:00:15 -03)" (scheduled at 2025-10-24 19:00:15.531243-03:00)
2025-10-24 19:00:15,536 - INFO - Job "Trader.check_positions (trigger: interval[0:01:00], next run at: 2025-10-24 19:01:15 -03)" executed successfully
2025-10-24 19:01:15,553 - INFO - Running job "Trader.check_positions (trigger: interval[0:01:00], next run at: 2025-10-24 19:02:15 -03)" (scheduled at 2025-10-24 19:01:15.531243-03:00)
2025-10-24 19:01:15,557 - INFO - Job "Trader.check_positions (trigger: interval[0:01:00], next run at: 2025-10-24 19:02:15 -03)" executed successfully
2025-10-24 19:02:15,532 - INFO - Running job "TradingBot.research_cycle (trigger: interval[0:03:00], next run at: 2025-10-24 19:05:15 -03)" (scheduled at 2025-10-24 19:02:15.525728-03:00)
2025-10-24 19:02:15,536 - INFO - Iniciando investigación de mercado...
2025-10-24 19:02:15,600 - INFO - Running job "Trader.check_positions (trigger: interval[0:01:00], next run at: 2025-10-24 19:02:15 -03)" (scheduled at 2025-10-24 19:02:15.531243-03:00)
2025-10-24 19:02:15,674 - INFO - Job "Trader.check_positions (trigger: interval[0:01:00], next run at: 2025-10-24 19:03:15 -03)" executed successfully
2025-10-24 19:02:37,417 - ERROR - Error balance: APIError(code=-2014): API-key format invalid.
2025-10-24 19:02:37,732 - ERROR - Error en execute_trade: APIError(code=-1100): Illegal characters found in parameter 'symbol'; legal range is '^[A-Z0-9-_.]{1,20}$'.
2025-10-24 19:02:37,733 - INFO - Señal: XRP/USDT -> BUY
2025-10-24 19:02:38,340 - ERROR - Error balance: APIError(code=-2014): API-key format invalid.
2025-10-24 19:02:38,761 - ERROR - Error en execute_trade: APIError(code=-1100): Illegal characters found in parameter 'symbol'; legal range is '^[A-Z0-9-_.]{1,20}$'.
2025-10-24 19:02:38,765 - INFO - Señal: LTC/USDT -> BUY
2025-10-24 19:02:39,367 - ERROR - Error balance: APIError(code=-2014): API-key format invalid.
2025-10-24 19:02:39,677 - ERROR - Error en execute_trade: APIError(code=-1100): Illegal characters found in parameter 'symbol'; legal range is '^[A-Z0-9-_.]{1,20}$'.
2025-10-24 19:02:39,677 - INFO - Señal: LINK/USDT -> BUY
2025-10-24 19:02:39,677 - INFO - Job "TradingBot.research_cycle (trigger: interval[0:03:00], next run at: 2025-10-24 19:05:15 -03)" executed successfully
2025-10-24 19:02:49,681 - INFO - Scheduler has been shut down
2025-10-24 19:02:49,800 - INFO - Bot detenido correctamente
2025-10-24 19:05:56,314 - INFO - Conexión a Binance (Testnet)
2025-10-24 19:05:56,352 - INFO - Bot inicializado correctamente
2025-10-24 19:05:56,360 - INFO - Adding job tentatively -- it will be properly scheduled when the scheduler starts
2025-10-24 19:05:56,361 - INFO - Adding job tentatively -- it will be properly scheduled when the scheduler starts
2025-10-24 19:05:56,375 - INFO - Added job "TradingBot.research_cycle" to job store "default"
2025-10-24 19:05:56,410 - INFO - Added job "Trader.check_positions" to job store "default"
2025-10-24 19:05:56,423 - INFO - Scheduler started
2025-10-24 19:05:56,501 - INFO - Bot iniciado con APScheduler (MODO TESTNET)
2025-10-24 19:06:56,372 - INFO - Running job "Trader.check_positions (trigger: interval[0:01:00], next run at: 2025-10-24 19:06:56 -03)" (scheduled at 2025-10-24 19:06:56.361377-03:00)
2025-10-24 19:06:56,374 - INFO - Job "Trader.check_positions (trigger: interval[0:01:00], next run at: 2025-10-24 19:07:56 -03)" executed successfully
2025-10-24 19:07:56,372 - INFO - Running job "Trader.check_positions (trigger: interval[0:01:00], next run at: 2025-10-24 19:08:56 -03)" (scheduled at 2025-10-24 19:07:56.361377-03:00)
2025-10-24 19:07:56,372 - INFO - Job "Trader.check_positions (trigger: interval[0:01:00], next run at: 2025-10-24 19:08:56 -03)" executed successfully
2025-10-24 19:08:56,366 - INFO - Running job "TradingBot.research_cycle (trigger: interval[0:03:00], next run at: 2025-10-24 19:11:56 -03)" (scheduled at 2025-10-24 19:08:56.359377-03:00)
2025-10-24 19:08:56,368 - INFO - Running job "Trader.check_positions (trigger: interval[0:01:00], next run at: 2025-10-24 19:08:56 -03)" (scheduled at 2025-10-24 19:08:56.361377-03:00)
2025-10-24 19:08:56,368 - INFO - Iniciando investigación de mercado...
2025-10-24 19:08:56,370 - INFO - Job "Trader.check_positions (trigger: interval[0:01:00], next run at: 2025-10-24 19:09:56 -03)" executed successfully
2025-10-24 19:09:17,709 - ERROR - Error balance: APIError(code=-2014): API-key format invalid.
2025-10-24 19:09:18,009 - ERROR - Error en execute_trade: APIError(code=-1100): Illegal characters found in parameter 'symbol'; legal range is '^[A-Z0-9-_.]{1,20}$'.
2025-10-24 19:09:18,009 - INFO - Señal: XRP/USDT -> BUY
2025-10-24 19:09:18,625 - ERROR - Error balance: APIError(code=-2014): API-key format invalid.
2025-10-24 19:09:18,933 - ERROR - Error en execute_trade: APIError(code=-1100): Illegal characters found in parameter 'symbol'; legal range is '^[A-Z0-9-_.]{1,20}$'.
2025-10-24 19:09:18,933 - INFO - Señal: LTC/USDT -> BUY
2025-10-24 19:09:19,543 - ERROR - Error balance: APIError(code=-2014): API-key format invalid.
2025-10-24 19:09:19,854 - ERROR - Error en execute_trade: APIError(code=-1100): Illegal characters found in parameter 'symbol'; legal range is '^[A-Z0-9-_.]{1,20}$'.
2025-10-24 19:09:19,857 - INFO - Señal: LINK/USDT -> BUY
2025-10-24 19:09:19,861 - INFO - Job "TradingBot.research_cycle (trigger: interval[0:03:00], next run at: 2025-10-24 19:11:56 -03)" executed successfully
2025-10-24 19:09:56,364 - INFO - Running job "Trader.check_positions (trigger: interval[0:01:00], next run at: 2025-10-24 19:10:56 -03)" (scheduled at 2025-10-24 19:09:56.361377-03:00)
2025-10-24 19:09:56,366 - INFO - Job "Trader.check_positions (trigger: interval[0:01:00], next run at: 2025-10-24 19:10:56 -03)" executed successfully
2025-10-24 19:10:56,374 - INFO - Running job "Trader.check_positions (trigger: interval[0:01:00], next run at: 2025-10-24 19:11:56 -03)" (scheduled at 2025-10-24 19:10:56.361377-03:00)
2025-10-24 19:10:56,376 - INFO - Job "Trader.check_positions (trigger: interval[0:01:00], next run at: 2025-10-24 19:11:56 -03)" executed successfully
2025-10-24 19:11:02,991 - INFO - Scheduler has been shut down
2025-10-24 19:11:02,991 - INFO - Bot detenido correctamente
2025-10-24 19:39:01,230 - INFO - Conexión a Binance (Testnet)
2025-10-24 19:39:01,348 - INFO - Bot inicializado correctamente
2025-10-24 19:39:01,353 - INFO - Adding job tentatively -- it will be properly scheduled when the scheduler starts
2025-10-24 19:39:01,362 - INFO - Adding job tentatively -- it will be properly scheduled when the scheduler starts
2025-10-24 19:39:01,383 - INFO - Added job "TradingBot.research_cycle" to job store "default"
2025-10-24 19:39:01,383 - INFO - Added job "Trader.check_positions" to job store "default"
2025-10-24 19:39:01,383 - INFO - Scheduler started
2025-10-24 19:39:01,424 - INFO - Bot iniciado con APScheduler (MODO TESTNET)
2025-10-24 19:40:01,366 - INFO - Running job "Trader.check_positions (trigger: interval[0:01:00], next run at: 2025-10-24 19:40:01 -03)" (scheduled at 2025-10-24 19:40:01.362713-03:00)
2025-10-24 19:40:01,366 - INFO - Job "Trader.check_positions (trigger: interval[0:01:00], next run at: 2025-10-24 19:41:01 -03)" executed successfully
2025-10-24 19:41:01,365 - INFO - Running job "Trader.check_positions (trigger: interval[0:01:00], next run at: 2025-10-24 19:42:01 -03)" (scheduled at 2025-10-24 19:41:01.362713-03:00)
2025-10-24 19:41:01,365 - INFO - Job "Trader.check_positions (trigger: interval[0:01:00], next run at: 2025-10-24 19:42:01 -03)" executed successfully
2025-10-24 19:41:40,731 - INFO - Scheduler has been shut down
2025-10-24 19:41:40,738 - INFO - Bot detenido correctamente
2025-10-24 19:42:54,715 - INFO - Conexión a Binance (Testnet)
2025-10-24 19:42:54,761 - INFO - Bot inicializado correctamente
2025-10-24 19:42:54,763 - INFO - Adding job tentatively -- it will be properly scheduled when the scheduler starts
2025-10-24 19:42:54,764 - INFO - Adding job tentatively -- it will be properly scheduled when the scheduler starts
2025-10-24 19:42:54,771 - INFO - Added job "TradingBot.research_cycle" to job store "default"
2025-10-24 19:42:54,772 - INFO - Added job "Trader.check_positions" to job store "default"
2025-10-24 19:42:54,772 - INFO - Scheduler started
2025-10-24 19:42:54,772 - INFO - Bot iniciado con APScheduler (MODO TESTNET)
2025-10-24 19:43:29,919 - INFO - Scheduler has been shut down
2025-10-24 19:43:29,986 - INFO - Bot detenido correctamente
2025-10-24 19:51:39,057 - INFO - Conexión a Binance (Testnet)
2025-10-24 19:51:39,096 - INFO - Bot inicializado correctamente
2025-10-24 19:51:39,100 - INFO - Adding job tentatively -- it will be properly scheduled when the scheduler starts
2025-10-24 19:51:39,100 - INFO - Adding job tentatively -- it will be properly scheduled when the scheduler starts
2025-10-24 19:51:39,107 - INFO - Added job "TradingBot.research_cycle" to job store "default"
2025-10-24 19:51:39,109 - INFO - Added job "Trader.check_positions" to job store "default"
2025-10-24 19:51:39,110 - INFO - Scheduler started
2025-10-24 19:51:39,111 - INFO - Bot iniciado con APScheduler (MODO TESTNET)
2025-10-24 19:52:39,100 - INFO - Running job "Trader.check_positions (trigger: interval[0:01:00], next run at: 2025-10-24 19:52:39 -03)" (scheduled at 2025-10-24 19:52:39.100046-03:00)
2025-10-24 19:52:39,102 - INFO - Job "Trader.check_positions (trigger: interval[0:01:00], next run at: 2025-10-24 19:53:39 -03)" executed successfully
2025-10-24 19:53:39,132 - INFO - Running job "Trader.check_positions (trigger: interval[0:01:00], next run at: 2025-10-24 19:54:39 -03)" (scheduled at 2025-10-24 19:53:39.100046-03:00)
2025-10-24 19:53:39,134 - INFO - Job "Trader.check_positions (trigger: interval[0:01:00], next run at: 2025-10-24 19:54:39 -03)" executed successfully
2025-10-24 19:54:39,104 - INFO - Running job "Trader.check_positions (trigger: interval[0:01:00], next run at: 2025-10-24 19:55:39 -03)" (scheduled at 2025-10-24 19:54:39.100046-03:00)
2025-10-24 19:54:39,104 - INFO - Running job "TradingBot.research_cycle (trigger: interval[0:03:00], next run at: 2025-10-24 19:57:39 -03)" (scheduled at 2025-10-24 19:54:39.100046-03:00)
2025-10-24 19:54:39,104 - INFO - Job "Trader.check_positions (trigger: interval[0:01:00], next run at: 2025-10-24 19:55:39 -03)" executed successfully
2025-10-24 19:54:39,104 - INFO - Iniciando investigación de mercado...
2025-10-24 19:54:48,006 - INFO - Job "TradingBot.research_cycle (trigger: interval[0:03:00], next run at: 2025-10-24 19:57:39 -03)" executed successfully
2025-10-24 19:55:39,115 - INFO - Running job "Trader.check_positions (trigger: interval[0:01:00], next run at: 2025-10-24 19:56:39 -03)" (scheduled at 2025-10-24 19:55:39.100046-03:00)
2025-10-24 19:55:39,116 - INFO - Job "Trader.check_positions (trigger: interval[0:01:00], next run at: 2025-10-24 19:56:39 -03)" executed successfully
2025-10-24 19:56:39,103 - INFO - Running job "Trader.check_positions (trigger: interval[0:01:00], next run at: 2025-10-24 19:57:39 -03)" (scheduled at 2025-10-24 19:56:39.100046-03:00)
2025-10-24 19:56:39,105 - INFO - Job "Trader.check_positions (trigger: interval[0:01:00], next run at: 2025-10-24 19:57:39 -03)" executed successfully
2025-10-24 19:57:39,115 - INFO - Running job "Trader.check_positions (trigger: interval[0:01:00], next run at: 2025-10-24 19:58:39 -03)" (scheduled at 2025-10-24 19:57:39.100046-03:00)
2025-10-24 19:57:39,115 - INFO - Running job "TradingBot.research_cycle (trigger: interval[0:03:00], next run at: 2025-10-24 20:00:39 -03)" (scheduled at 2025-10-24 19:57:39.100046-03:00)
2025-10-24 19:57:39,115 - INFO - Job "Trader.check_positions (trigger: interval[0:01:00], next run at: 2025-10-24 19:58:39 -03)" executed successfully
2025-10-24 19:57:39,115 - INFO - Iniciando investigación de mercado...
2025-10-24 19:57:39,115 - INFO - Job "TradingBot.research_cycle (trigger: interval[0:03:00], next run at: 2025-10-24 20:00:39 -03)" executed successfully
2025-10-24 19:58:39,116 - INFO - Running job "Trader.check_positions (trigger: interval[0:01:00], next run at: 2025-10-24 19:59:39 -03)" (scheduled at 2025-10-24 19:58:39.100046-03:00)
2025-10-24 19:58:39,120 - INFO - Job "Trader.check_positions (trigger: interval[0:01:00], next run at: 2025-10-24 19:59:39 -03)" executed successfully
2025-10-24 19:59:39,111 - INFO - Running job "Trader.check_positions (trigger: interval[0:01:00], next run at: 2025-10-24 20:00:39 -03)" (scheduled at 2025-10-24 19:59:39.100046-03:00)
2025-10-24 19:59:39,112 - INFO - Job "Trader.check_positions (trigger: interval[0:01:00], next run at: 2025-10-24 20:00:39 -03)" executed successfully
2025-10-24 20:00:39,116 - INFO - Running job "Trader.check_positions (trigger: interval[0:01:00], next run at: 2025-10-24 20:01:39 -03)" (scheduled at 2025-10-24 20:00:39.100046-03:00)
2025-10-24 20:00:39,117 - INFO - Running job "TradingBot.research_cycle (trigger: interval[0:03:00], next run at: 2025-10-24 20:03:39 -03)" (scheduled at 2025-10-24 20:00:39.100046-03:00)
2025-10-24 20:00:39,121 - INFO - Job "Trader.check_positions (trigger: interval[0:01:00], next run at: 2025-10-24 20:01:39 -03)" executed successfully
2025-10-24 20:00:39,152 - INFO - Iniciando investigación de mercado...
2025-10-24 20:00:39,156 - INFO - Job "TradingBot.research_cycle (trigger: interval[0:03:00], next run at: 2025-10-24 20:03:39 -03)" executed successfully
2025-10-24 20:01:39,115 - INFO - Running job "Trader.check_positions (trigger: interval[0:01:00], next run at: 2025-10-24 20:02:39 -03)" (scheduled at 2025-10-24 20:01:39.100046-03:00)
2025-10-24 20:01:39,117 - INFO - Job "Trader.check_positions (trigger: interval[0:01:00], next run at: 2025-10-24 20:02:39 -03)" executed successfully
2025-10-24 20:02:39,102 - INFO - Running job "Trader.check_positions (trigger: interval[0:01:00], next run at: 2025-10-24 20:03:39 -03)" (scheduled at 2025-10-24 20:02:39.100046-03:00)
2025-10-24 20:02:39,102 - INFO - Job "Trader.check_positions (trigger: interval[0:01:00], next run at: 2025-10-24 20:03:39 -03)" executed successfully
2025-10-24 20:03:39,109 - INFO - Running job "Trader.check_positions (trigger: interval[0:01:00], next run at: 2025-10-24 20:04:39 -03)" (scheduled at 2025-10-24 20:03:39.100046-03:00)
2025-10-24 20:03:39,110 - INFO - Running job "TradingBot.research_cycle (trigger: interval[0:03:00], next run at: 2025-10-24 20:06:39 -03)" (scheduled at 2025-10-24 20:03:39.100046-03:00)
2025-10-24 20:03:39,112 - INFO - Job "Trader.check_positions (trigger: interval[0:01:00], next run at: 2025-10-24 20:04:39 -03)" executed successfully
2025-10-24 20:03:39,113 - INFO - Iniciando investigación de mercado...
2025-10-24 20:03:39,115 - INFO - Job "TradingBot.research_cycle (trigger: interval[0:03:00], next run at: 2025-10-24 20:06:39 -03)" executed successfully
2025-10-24 20:03:42,350 - INFO - Scheduler has been shut down
2025-10-24 20:03:42,394 - INFO - Bot detenido correctamente
2025-10-24 20:13:22,725 - INFO - Conexión a Binance (Testnet)
2025-10-24 20:13:22,784 - INFO - Bot inicializado correctamente
2025-10-24 20:13:22,788 - INFO - Adding job tentatively -- it will be properly scheduled when the scheduler starts
2025-10-24 20:13:22,789 - INFO - Adding job tentatively -- it will be properly scheduled when the scheduler starts
2025-10-24 20:13:22,792 - INFO - Added job "TradingBot.research_cycle" to job store "default"
2025-10-24 20:13:22,793 - INFO - Added job "Trader.check_positions" to job store "default"
2025-10-24 20:13:22,793 - INFO - Scheduler started
2025-10-24 20:13:22,795 - INFO - Bot iniciado con APScheduler (MODO TESTNET)
2025-10-24 20:14:22,803 - INFO - Running job "Trader.check_positions (trigger: interval[0:01:00], next run at: 2025-10-24 20:14:22 -03)" (scheduled at 2025-10-24 20:14:22.789717-03:00)
2025-10-24 20:14:22,804 - INFO - Job "Trader.check_positions (trigger: interval[0:01:00], next run at: 2025-10-24 20:15:22 -03)" executed successfully
2025-10-24 20:15:22,804 - INFO - Running job "Trader.check_positions (trigger: interval[0:01:00], next run at: 2025-10-24 20:16:22 -03)" (scheduled at 2025-10-24 20:15:22.789717-03:00)
2025-10-24 20:15:22,805 - INFO - Job "Trader.check_positions (trigger: interval[0:01:00], next run at: 2025-10-24 20:16:22 -03)" executed successfully
2025-10-24 20:16:22,803 - INFO - Running job "TradingBot.research_cycle (trigger: interval[0:03:00], next run at: 2025-10-24 20:19:22 -03)" (scheduled at 2025-10-24 20:16:22.788940-03:00)
2025-10-24 20:16:22,803 - INFO - Running job "Trader.check_positions (trigger: interval[0:01:00], next run at: 2025-10-24 20:17:22 -03)" (scheduled at 2025-10-24 20:16:22.789717-03:00)
2025-10-24 20:16:22,806 - INFO - Iniciando investigación de mercado...
2025-10-24 20:16:22,806 - INFO - Job "Trader.check_positions (trigger: interval[0:01:00], next run at: 2025-10-24 20:17:22 -03)" executed successfully
2025-10-24 20:16:31,914 - INFO - Job "TradingBot.research_cycle (trigger: interval[0:03:00], next run at: 2025-10-24 20:19:22 -03)" executed successfully
2025-10-24 20:17:22,805 - INFO - Running job "Trader.check_positions (trigger: interval[0:01:00], next run at: 2025-10-24 20:18:22 -03)" (scheduled at 2025-10-24 20:17:22.789717-03:00)
2025-10-24 20:17:22,805 - INFO - Job "Trader.check_positions (trigger: interval[0:01:00], next run at: 2025-10-24 20:18:22 -03)" executed successfully
2025-10-24 20:18:22,792 - INFO - Running job "Trader.check_positions (trigger: interval[0:01:00], next run at: 2025-10-24 20:19:22 -03)" (scheduled at 2025-10-24 20:18:22.789717-03:00)
2025-10-24 20:18:22,794 - INFO - Job "Trader.check_positions (trigger: interval[0:01:00], next run at: 2025-10-24 20:19:22 -03)" executed successfully
2025-10-24 20:19:22,803 - INFO - Running job "TradingBot.research_cycle (trigger: interval[0:03:00], next run at: 2025-10-24 20:22:22 -03)" (scheduled at 2025-10-24 20:19:22.788940-03:00)
2025-10-24 20:19:22,803 - INFO - Running job "Trader.check_positions (trigger: interval[0:01:00], next run at: 2025-10-24 20:20:22 -03)" (scheduled at 2025-10-24 20:19:22.789717-03:00)
2025-10-24 20:19:22,803 - INFO - Iniciando investigación de mercado...
2025-10-24 20:19:22,806 - INFO - Job "TradingBot.research_cycle (trigger: interval[0:03:00], next run at: 2025-10-24 20:22:22 -03)" executed successfully
2025-10-24 20:19:22,806 - INFO - Job "Trader.check_positions (trigger: interval[0:01:00], next run at: 2025-10-24 20:20:22 -03)" executed successfully
2025-10-24 20:20:22,803 - INFO - Running job "Trader.check_positions (trigger: interval[0:01:00], next run at: 2025-10-24 20:21:22 -03)" (scheduled at 2025-10-24 20:20:22.789717-03:00)
2025-10-24 20:20:22,803 - INFO - Job "Trader.check_positions (trigger: interval[0:01:00], next run at: 2025-10-24 20:21:22 -03)" executed successfully
2025-10-24 20:21:22,817 - INFO - Running job "Trader.check_positions (trigger: interval[0:01:00], next run at: 2025-10-24 20:22:22 -03)" (scheduled at 2025-10-24 20:21:22.789717-03:00)
2025-10-24 20:21:22,819 - INFO - Job "Trader.check_positions (trigger: interval[0:01:00], next run at: 2025-10-24 20:22:22 -03)" executed successfully
2025-10-24 20:22:22,897 - INFO - Running job "TradingBot.research_cycle (trigger: interval[0:03:00], next run at: 2025-10-24 20:25:22 -03)" (scheduled at 2025-10-24 20:22:22.788940-03:00)
2025-10-24 20:22:22,897 - INFO - Running job "Trader.check_positions (trigger: interval[0:01:00], next run at: 2025-10-24 20:23:22 -03)" (scheduled at 2025-10-24 20:22:22.789717-03:00)
2025-10-24 20:22:22,898 - INFO - Iniciando investigación de mercado...
2025-10-24 20:22:22,906 - INFO - Job "TradingBot.research_cycle (trigger: interval[0:03:00], next run at: 2025-10-24 20:25:22 -03)" executed successfully
2025-10-24 20:22:22,911 - INFO - Job "Trader.check_positions (trigger: interval[0:01:00], next run at: 2025-10-24 20:23:22 -03)" executed successfully
2025-10-24 20:22:25,662 - INFO - Scheduler has been shut down
2025-10-24 20:22:25,666 - INFO - Bot detenido correctamente
2025-10-24 20:54:40,213 - INFO - PayPal P2P configurado correctamente
2025-10-24 20:54:42,221 - INFO - Conexión a Binance (LIVE)
2025-10-24 20:54:42,261 - INFO - Bot inicializado correctamente
2025-10-24 20:54:42,261 - INFO - Adding job tentatively -- it will be properly scheduled when the scheduler starts
2025-10-24 20:54:42,261 - INFO - Adding job tentatively -- it will be properly scheduled when the scheduler starts
2025-10-24 20:54:42,282 - INFO - Added job "TradingBot.research_cycle" to job store "default"
2025-10-24 20:54:42,283 - INFO - Added job "Trader.check_positions" to job store "default"
2025-10-24 20:54:42,284 - INFO - Scheduler started
2025-10-24 20:54:42,285 - INFO - Bot iniciado con APScheduler (MODO TESTNET)
2025-10-24 20:55:42,277 - INFO - Running job "Trader.check_positions (trigger: interval[0:01:00], next run at: 2025-10-24 20:55:42 -03)" (scheduled at 2025-10-24 20:55:42.261644-03:00)
2025-10-24 20:55:42,277 - INFO - Job "Trader.check_positions (trigger: interval[0:01:00], next run at: 2025-10-24 20:56:42 -03)" executed successfully
2025-10-24 20:56:42,276 - INFO - Running job "Trader.check_positions (trigger: interval[0:01:00], next run at: 2025-10-24 20:57:42 -03)" (scheduled at 2025-10-24 20:56:42.261644-03:00)
2025-10-24 20:56:42,276 - INFO - Job "Trader.check_positions (trigger: interval[0:01:00], next run at: 2025-10-24 20:57:42 -03)" executed successfully
2025-10-24 20:57:42,275 - INFO - Running job "Trader.check_positions (trigger: interval[0:01:00], next run at: 2025-10-24 20:58:42 -03)" (scheduled at 2025-10-24 20:57:42.261644-03:00)
2025-10-24 20:57:42,277 - INFO - Running job "TradingBot.research_cycle (trigger: interval[0:03:00], next run at: 2025-10-24 20:57:42 -03)" (scheduled at 2025-10-24 20:57:42.261644-03:00)
2025-10-24 20:57:42,277 - INFO - Job "Trader.check_positions (trigger: interval[0:01:00], next run at: 2025-10-24 20:58:42 -03)" executed successfully
2025-10-24 20:57:42,277 - INFO - Iniciando investigación de mercado...
2025-10-24 20:57:51,090 - INFO - Job "TradingBot.research_cycle (trigger: interval[0:03:00], next run at: 2025-10-24 21:00:42 -03)" executed successfully
2025-10-24 20:58:42,268 - INFO - Running job "Trader.check_positions (trigger: interval[0:01:00], next run at: 2025-10-24 20:59:42 -03)" (scheduled at 2025-10-24 20:58:42.261644-03:00)
2025-10-24 20:58:42,268 - INFO - Job "Trader.check_positions (trigger: interval[0:01:00], next run at: 2025-10-24 20:59:42 -03)" executed successfully
2025-10-24 20:59:42,275 - INFO - Running job "Trader.check_positions (trigger: interval[0:01:00], next run at: 2025-10-24 21:00:42 -03)" (scheduled at 2025-10-24 20:59:42.261644-03:00)
2025-10-24 20:59:42,275 - INFO - Job "Trader.check_positions (trigger: interval[0:01:00], next run at: 2025-10-24 21:00:42 -03)" executed successfully
2025-10-24 21:00:42,278 - INFO - Running job "Trader.check_positions (trigger: interval[0:01:00], next run at: 2025-10-24 21:01:42 -03)" (scheduled at 2025-10-24 21:00:42.261644-03:00)
2025-10-24 21:00:42,278 - INFO - Running job "TradingBot.research_cycle (trigger: interval[0:03:00], next run at: 2025-10-24 21:03:42 -03)" (scheduled at 2025-10-24 21:00:42.261644-03:00)
2025-10-24 21:00:42,278 - INFO - Job "Trader.check_positions (trigger: interval[0:01:00], next run at: 2025-10-24 21:01:42 -03)" executed successfully
2025-10-24 21:00:42,279 - INFO - Iniciando investigación de mercado...
2025-10-24 21:00:42,281 - INFO - Job "TradingBot.research_cycle (trigger: interval[0:03:00], next run at: 2025-10-24 21:03:42 -03)" executed successfully
2025-10-24 21:01:42,275 - INFO - Running job "Trader.check_positions (trigger: interval[0:01:00], next run at: 2025-10-24 21:02:42 -03)" (scheduled at 2025-10-24 21:01:42.261644-03:00)
2025-10-24 21:01:42,276 - INFO - Job "Trader.check_positions (trigger: interval[0:01:00], next run at: 2025-10-24 21:02:42 -03)" executed successfully
2025-10-24 21:02:42,267 - INFO - Running job "Trader.check_positions (trigger: interval[0:01:00], next run at: 2025-10-24 21:03:42 -03)" (scheduled at 2025-10-24 21:02:42.261644-03:00)
2025-10-24 21:02:42,267 - INFO - Job "Trader.check_positions (trigger: interval[0:01:00], next run at: 2025-10-24 21:03:42 -03)" executed successfully
2025-10-24 21:03:42,274 - INFO - Running job "Trader.check_positions (trigger: interval[0:01:00], next run at: 2025-10-24 21:04:42 -03)" (scheduled at 2025-10-24 21:03:42.261644-03:00)
2025-10-24 21:03:42,274 - INFO - Running job "TradingBot.research_cycle (trigger: interval[0:03:00], next run at: 2025-10-24 21:06:42 -03)" (scheduled at 2025-10-24 21:03:42.261644-03:00)
2025-10-24 21:03:42,274 - INFO - Job "Trader.check_positions (trigger: interval[0:01:00], next run at: 2025-10-24 21:04:42 -03)" executed successfully
2025-10-24 21:03:42,274 - INFO - Iniciando investigación de mercado...
2025-10-24 21:03:42,305 - INFO - Job "TradingBot.research_cycle (trigger: interval[0:03:00], next run at: 2025-10-24 21:06:42 -03)" executed successfully
2025-10-24 21:04:42,275 - INFO - Running job "Trader.check_positions (trigger: interval[0:01:00], next run at: 2025-10-24 21:05:42 -03)" (scheduled at 2025-10-24 21:04:42.261644-03:00)
2025-10-24 21:04:42,275 - INFO - Job "Trader.check_positions (trigger: interval[0:01:00], next run at: 2025-10-24 21:05:42 -03)" executed successfully
2025-10-24 21:05:42,278 - INFO - Running job "Trader.check_positions (trigger: interval[0:01:00], next run at: 2025-10-24 21:06:42 -03)" (scheduled at 2025-10-24 21:05:42.261644-03:00)
2025-10-24 21:05:42,278 - INFO - Job "Trader.check_positions (trigger: interval[0:01:00], next run at: 2025-10-24 21:06:42 -03)" executed successfully
2025-10-24 21:06:42,293 - INFO - Running job "Trader.check_positions (trigger: interval[0:01:00], next run at: 2025-10-24 21:07:42 -03)" (scheduled at 2025-10-24 21:06:42.261644-03:00)
2025-10-24 21:06:42,295 - INFO - Running job "TradingBot.research_cycle (trigger: interval[0:03:00], next run at: 2025-10-24 21:09:42 -03)" (scheduled at 2025-10-24 21:06:42.261644-03:00)
2025-10-24 21:06:42,355 - INFO - Job "Trader.check_positions (trigger: interval[0:01:00], next run at: 2025-10-24 21:07:42 -03)" executed successfully
2025-10-24 21:06:42,406 - INFO - Iniciando investigación de mercado...
2025-10-24 21:06:42,412 - INFO - Job "TradingBot.research_cycle (trigger: interval[0:03:00], next run at: 2025-10-24 21:09:42 -03)" executed successfully
2025-10-24 21:07:18,336 - INFO - Scheduler has been shut down
2025-10-24 21:07:18,344 - INFO - Bot detenido correctamente
2025-10-24 21:22:21,635 - INFO - PayPal P2P configurado correctamente
2025-10-24 21:22:24,963 - INFO - Conexión a Binance (LIVE)
2025-10-24 21:22:25,016 - INFO - Bot inicializado correctamente
2025-10-24 21:22:25,028 - INFO - Adding job tentatively -- it will be properly scheduled when the scheduler starts
2025-10-24 21:22:25,028 - INFO - Adding job tentatively -- it will be properly scheduled when the scheduler starts
2025-10-24 21:22:25,035 - INFO - Added job "TradingBot.research_cycle" to job store "default"
2025-10-24 21:22:25,035 - INFO - Added job "Trader.check_positions" to job store "default"
2025-10-24 21:22:25,036 - INFO - Scheduler started
2025-10-24 21:22:25,049 - INFO - Bot iniciado con APScheduler (MODO TESTNET)
2025-10-24 21:22:27,072 - INFO - [31m[1mWARNING: This is a development server. Do not use it in a production deployment. Use a production WSGI server instead.[0m
 * Running on http://127.0.0.1:5000
2025-10-24 21:22:27,072 - INFO - [33mPress CTRL+C to quit[0m
2025-10-24 21:26:17,625 - INFO - PayPal P2P configurado correctamente
2025-10-24 21:26:21,223 - INFO - Conexión a Binance (LIVE)
2025-10-24 21:26:21,260 - INFO - Bot inicializado correctamente
2025-10-24 21:26:21,281 - INFO - Adding job tentatively -- it will be properly scheduled when the scheduler starts
2025-10-24 21:26:21,289 - INFO - Adding job tentatively -- it will be properly scheduled when the scheduler starts
2025-10-24 21:26:21,293 - INFO - Added job "TradingBot.research_cycle" to job store "default"
2025-10-24 21:26:21,312 - INFO - Added job "Trader.check_positions" to job store "default"
2025-10-24 21:26:21,315 - INFO - Scheduler started
2025-10-24 21:26:21,330 - INFO - Bot iniciado con APScheduler (MODO TESTNET)
2025-10-24 21:26:23,336 - INFO - [31m[1mWARNING: This is a development server. Do not use it in a production deployment. Use a production WSGI server instead.[0m
 * Running on http://127.0.0.1:5000
2025-10-24 21:26:23,340 - INFO - [33mPress CTRL+C to quit[0m
2025-10-24 21:26:26,367 - INFO - 127.0.0.1 - - [24/Oct/2025 21:26:26] "GET / HTTP/1.1" 200 -
2025-10-24 21:26:26,785 - INFO - 127.0.0.1 - - [24/Oct/2025 21:26:26] "[33mGET /favicon.ico HTTP/1.1[0m" 404 -
2025-10-24 21:26:36,777 - INFO - 127.0.0.1 - - [24/Oct/2025 21:26:36] "GET / HTTP/1.1" 200 -
2025-10-24 21:26:46,930 - INFO - 127.0.0.1 - - [24/Oct/2025 21:26:46] "GET / HTTP/1.1" 200 -
2025-10-24 21:26:57,035 - INFO - 127.0.0.1 - - [24/Oct/2025 21:26:57] "GET / HTTP/1.1" 200 -
2025-10-24 21:27:07,185 - INFO - 127.0.0.1 - - [24/Oct/2025 21:27:07] "GET / HTTP/1.1" 200 -
2025-10-24 21:27:17,296 - INFO - 127.0.0.1 - - [24/Oct/2025 21:27:17] "GET / HTTP/1.1" 200 -
2025-10-24 21:27:21,291 - INFO - Running job "Trader.check_positions (trigger: interval[0:01:00], next run at: 2025-10-24 21:27:21 -03)" (scheduled at 2025-10-24 21:27:21.289721-03:00)
2025-10-24 21:27:21,291 - INFO - Job "Trader.check_positions (trigger: interval[0:01:00], next run at: 2025-10-24 21:28:21 -03)" executed successfully
2025-10-24 21:27:27,655 - INFO - 127.0.0.1 - - [24/Oct/2025 21:27:27] "GET / HTTP/1.1" 200 -
2025-10-24 21:27:37,768 - INFO - 127.0.0.1 - - [24/Oct/2025 21:27:37] "GET / HTTP/1.1" 200 -
2025-10-24 21:27:47,886 - INFO - 127.0.0.1 - - [24/Oct/2025 21:27:47] "GET / HTTP/1.1" 200 -
2025-10-24 21:27:57,988 - INFO - 127.0.0.1 - - [24/Oct/2025 21:27:57] "GET / HTTP/1.1" 200 -
2025-10-24 21:28:08,120 - INFO - 127.0.0.1 - - [24/Oct/2025 21:28:08] "GET / HTTP/1.1" 200 -
2025-10-24 21:28:18,230 - INFO - 127.0.0.1 - - [24/Oct/2025 21:28:18] "GET / HTTP/1.1" 200 -
2025-10-24 21:28:21,306 - INFO - Running job "Trader.check_positions (trigger: interval[0:01:00], next run at: 2025-10-24 21:29:21 -03)" (scheduled at 2025-10-24 21:28:21.289721-03:00)
2025-10-24 21:28:21,307 - INFO - Job "Trader.check_positions (trigger: interval[0:01:00], next run at: 2025-10-24 21:29:21 -03)" executed successfully
2025-10-24 21:28:28,349 - INFO - 127.0.0.1 - - [24/Oct/2025 21:28:28] "GET / HTTP/1.1" 200 -
2025-10-24 21:28:38,509 - INFO - 127.0.0.1 - - [24/Oct/2025 21:28:38] "GET / HTTP/1.1" 200 -
2025-10-24 21:28:48,629 - INFO - 127.0.0.1 - - [24/Oct/2025 21:28:48] "GET / HTTP/1.1" 200 -
2025-10-24 21:28:58,759 - INFO - 127.0.0.1 - - [24/Oct/2025 21:28:58] "GET / HTTP/1.1" 200 -
2025-10-24 21:29:08,850 - INFO - 127.0.0.1 - - [24/Oct/2025 21:29:08] "GET / HTTP/1.1" 200 -
2025-10-24 21:29:18,954 - INFO - 127.0.0.1 - - [24/Oct/2025 21:29:18] "GET / HTTP/1.1" 200 -
2025-10-24 21:29:21,291 - INFO - Running job "TradingBot.research_cycle (trigger: interval[0:03:00], next run at: 2025-10-24 21:32:21 -03)" (scheduled at 2025-10-24 21:29:21.281618-03:00)
2025-10-24 21:29:21,291 - INFO - Running job "Trader.check_positions (trigger: interval[0:01:00], next run at: 2025-10-24 21:30:21 -03)" (scheduled at 2025-10-24 21:29:21.289721-03:00)
2025-10-24 21:29:21,295 - INFO - Iniciando investigación de mercado...
2025-10-24 21:29:21,295 - INFO - Job "Trader.check_positions (trigger: interval[0:01:00], next run at: 2025-10-24 21:30:21 -03)" executed successfully
2025-10-24 21:29:29,136 - INFO - 127.0.0.1 - - [24/Oct/2025 21:29:29] "GET / HTTP/1.1" 200 -
2025-10-24 21:29:30,111 - INFO - Job "TradingBot.research_cycle (trigger: interval[0:03:00], next run at: 2025-10-24 21:32:21 -03)" executed successfully
2025-10-24 21:29:39,310 - INFO - 127.0.0.1 - - [24/Oct/2025 21:29:39] "GET / HTTP/1.1" 200 -
2025-10-24 21:29:49,453 - INFO - 127.0.0.1 - - [24/Oct/2025 21:29:49] "GET / HTTP/1.1" 200 -
2025-10-24 21:29:59,594 - INFO - 127.0.0.1 - - [24/Oct/2025 21:29:59] "GET / HTTP/1.1" 200 -
2025-10-24 21:30:09,704 - INFO - 127.0.0.1 - - [24/Oct/2025 21:30:09] "GET / HTTP/1.1" 200 -
2025-10-24 21:30:19,807 - INFO - 127.0.0.1 - - [24/Oct/2025 21:30:19] "GET / HTTP/1.1" 200 -
2025-10-24 21:30:21,298 - INFO - Running job "Trader.check_positions (trigger: interval[0:01:00], next run at: 2025-10-24 21:31:21 -03)" (scheduled at 2025-10-24 21:30:21.289721-03:00)
2025-10-24 21:30:21,300 - INFO - Job "Trader.check_positions (trigger: interval[0:01:00], next run at: 2025-10-24 21:31:21 -03)" executed successfully
2025-10-24 21:30:30,020 - INFO - 127.0.0.1 - - [24/Oct/2025 21:30:30] "GET / HTTP/1.1" 200 -
2025-10-24 21:30:40,130 - INFO - 127.0.0.1 - - [24/Oct/2025 21:30:40] "GET / HTTP/1.1" 200 -
2025-10-24 21:30:50,539 - INFO - 127.0.0.1 - - [24/Oct/2025 21:30:50] "GET / HTTP/1.1" 200 -
2025-10-24 21:31:00,682 - INFO - 127.0.0.1 - - [24/Oct/2025 21:31:00] "GET / HTTP/1.1" 200 -
2025-10-24 21:31:10,867 - INFO - 127.0.0.1 - - [24/Oct/2025 21:31:10] "GET / HTTP/1.1" 200 -
2025-10-24 21:32:03,282 - INFO - PayPal P2P configurado correctamente
2025-10-24 21:32:06,156 - INFO - Conexión a Binance (LIVE)
2025-10-24 21:32:06,197 - INFO - Bot inicializado correctamente
2025-10-24 21:32:06,401 - INFO - Adding job tentatively -- it will be properly scheduled when the scheduler starts
2025-10-24 21:32:06,403 - INFO - Adding job tentatively -- it will be properly scheduled when the scheduler starts
2025-10-24 21:32:06,409 - INFO - Added job "TradingBot.research_cycle" to job store "default"
2025-10-24 21:32:06,416 - INFO - Added job "Trader.check_positions" to job store "default"
2025-10-24 21:32:06,418 - INFO - Scheduler started
2025-10-24 21:32:06,434 - INFO - Bot iniciado con APScheduler (MODO TESTNET)
2025-10-24 21:32:08,448 - INFO - [31m[1mWARNING: This is a development server. Do not use it in a production deployment. Use a production WSGI server instead.[0m
 * Running on http://127.0.0.1:5000
2025-10-24 21:32:08,461 - INFO - [33mPress CTRL+C to quit[0m
2025-10-24 21:32:13,190 - INFO - 127.0.0.1 - - [24/Oct/2025 21:32:13] "GET / HTTP/1.1" 200 -
2025-10-24 21:32:23,389 - INFO - 127.0.0.1 - - [24/Oct/2025 21:32:23] "GET / HTTP/1.1" 200 -
2025-10-24 21:32:33,533 - INFO - 127.0.0.1 - - [24/Oct/2025 21:32:33] "GET / HTTP/1.1" 200 -
2025-10-24 21:32:43,673 - INFO - 127.0.0.1 - - [24/Oct/2025 21:32:43] "GET / HTTP/1.1" 200 -
2025-10-24 21:32:53,775 - INFO - 127.0.0.1 - - [24/Oct/2025 21:32:53] "GET / HTTP/1.1" 200 -
2025-10-24 21:33:03,894 - INFO - 127.0.0.1 - - [24/Oct/2025 21:33:03] "GET / HTTP/1.1" 200 -
2025-10-24 21:33:06,415 - INFO - Running job "Trader.check_positions (trigger: interval[0:01:00], next run at: 2025-10-24 21:33:06 -03)" (scheduled at 2025-10-24 21:33:06.403200-03:00)
2025-10-24 21:33:06,415 - INFO - Job "Trader.check_positions (trigger: interval[0:01:00], next run at: 2025-10-24 21:34:06 -03)" executed successfully
2025-10-24 21:33:14,010 - INFO - 127.0.0.1 - - [24/Oct/2025 21:33:14] "GET / HTTP/1.1" 200 -
2025-10-24 21:33:24,131 - INFO - 127.0.0.1 - - [24/Oct/2025 21:33:24] "GET / HTTP/1.1" 200 -
2025-10-24 21:33:34,261 - INFO - 127.0.0.1 - - [24/Oct/2025 21:33:34] "GET / HTTP/1.1" 200 -
2025-10-24 21:33:44,367 - INFO - 127.0.0.1 - - [24/Oct/2025 21:33:44] "GET / HTTP/1.1" 200 -
2025-10-24 21:33:54,476 - INFO - 127.0.0.1 - - [24/Oct/2025 21:33:54] "GET / HTTP/1.1" 200 -
2025-10-24 21:34:04,604 - INFO - 127.0.0.1 - - [24/Oct/2025 21:34:04] "GET / HTTP/1.1" 200 -
2025-10-24 21:34:06,415 - INFO - Running job "Trader.check_positions (trigger: interval[0:01:00], next run at: 2025-10-24 21:35:06 -03)" (scheduled at 2025-10-24 21:34:06.403200-03:00)
2025-10-24 21:34:06,417 - INFO - Job "Trader.check_positions (trigger: interval[0:01:00], next run at: 2025-10-24 21:35:06 -03)" executed successfully
2025-10-24 21:34:14,723 - INFO - 127.0.0.1 - - [24/Oct/2025 21:34:14] "GET / HTTP/1.1" 200 -
2025-10-24 21:34:24,852 - INFO - 127.0.0.1 - - [24/Oct/2025 21:34:24] "GET / HTTP/1.1" 200 -
2025-10-24 21:34:34,995 - INFO - 127.0.0.1 - - [24/Oct/2025 21:34:34] "GET / HTTP/1.1" 200 -
2025-10-24 21:34:45,104 - INFO - 127.0.0.1 - - [24/Oct/2025 21:34:45] "GET / HTTP/1.1" 200 -
2025-10-24 21:34:55,218 - INFO - 127.0.0.1 - - [24/Oct/2025 21:34:55] "GET / HTTP/1.1" 200 -
2025-10-24 21:35:05,336 - INFO - 127.0.0.1 - - [24/Oct/2025 21:35:05] "GET / HTTP/1.1" 200 -
2025-10-24 21:35:06,413 - INFO - Running job "TradingBot.research_cycle (trigger: interval[0:03:00], next run at: 2025-10-24 21:38:06 -03)" (scheduled at 2025-10-24 21:35:06.401199-03:00)
2025-10-24 21:35:06,415 - INFO - Iniciando investigación de mercado...
2025-10-24 21:35:06,429 - INFO - Running job "Trader.check_positions (trigger: interval[0:01:00], next run at: 2025-10-24 21:35:06 -03)" (scheduled at 2025-10-24 21:35:06.403200-03:00)
2025-10-24 21:35:06,431 - INFO - Job "Trader.check_positions (trigger: interval[0:01:00], next run at: 2025-10-24 21:36:06 -03)" executed successfully
2025-10-24 21:35:23,761 - INFO - Job "TradingBot.research_cycle (trigger: interval[0:03:00], next run at: 2025-10-24 21:38:06 -03)" executed successfully
2025-10-24 21:53:05,589 - INFO - PayPal P2P configurado correctamente
2025-10-24 21:53:09,582 - INFO - Conexión a Binance (LIVE)
2025-10-24 21:53:11,847 - INFO - Conexión a Binance (LIVE)
2025-10-24 21:53:11,867 - INFO - Bot inicializado correctamente
2025-10-24 21:53:11,874 - INFO - Adding job tentatively -- it will be properly scheduled when the scheduler starts
2025-10-24 21:53:11,879 - INFO - Adding job tentatively -- it will be properly scheduled when the scheduler starts
2025-10-24 21:53:11,883 - INFO - Added job "TradingBot.research_cycle" to job store "default"
2025-10-24 21:53:11,925 - INFO - Added job "Trader.check_positions" to job store "default"
2025-10-24 21:53:11,930 - INFO - Scheduler started
2025-10-24 21:53:11,947 - INFO - Bot iniciado con APScheduler (MODO TESTNET)
2025-10-24 21:53:13,909 - INFO - [31m[1mWARNING: This is a development server. Do not use it in a production deployment. Use a production WSGI server instead.[0m
 * Running on http://127.0.0.1:5000
2025-10-24 21:53:13,913 - INFO - [33mPress CTRL+C to quit[0m
2025-10-24 21:53:17,834 - INFO - 127.0.0.1 - - [24/Oct/2025 21:53:17] "GET / HTTP/1.1" 200 -
2025-10-24 21:53:28,293 - INFO - 127.0.0.1 - - [24/Oct/2025 21:53:28] "GET / HTTP/1.1" 200 -
2025-10-24 21:53:38,441 - INFO - 127.0.0.1 - - [24/Oct/2025 21:53:38] "GET / HTTP/1.1" 200 -
2025-10-24 21:53:48,554 - INFO - 127.0.0.1 - - [24/Oct/2025 21:53:48] "GET / HTTP/1.1" 200 -
2025-10-24 21:53:58,669 - INFO - 127.0.0.1 - - [24/Oct/2025 21:53:58] "GET / HTTP/1.1" 200 -
2025-10-24 21:54:08,770 - INFO - 127.0.0.1 - - [24/Oct/2025 21:54:08] "GET / HTTP/1.1" 200 -
2025-10-24 21:54:11,899 - INFO - Running job "Trader.check_positions (trigger: interval[0:01:00], next run at: 2025-10-24 21:54:11 -03)" (scheduled at 2025-10-24 21:54:11.879636-03:00)
2025-10-24 21:54:11,901 - INFO - Job "Trader.check_positions (trigger: interval[0:01:00], next run at: 2025-10-24 21:55:11 -03)" executed successfully
2025-10-24 21:54:18,882 - INFO - 127.0.0.1 - - [24/Oct/2025 21:54:18] "GET / HTTP/1.1" 200 -
2025-10-24 21:54:29,095 - INFO - 127.0.0.1 - - [24/Oct/2025 21:54:29] "GET / HTTP/1.1" 200 -
2025-10-24 21:54:39,272 - INFO - 127.0.0.1 - - [24/Oct/2025 21:54:39] "GET / HTTP/1.1" 200 -
2025-10-24 21:54:49,379 - INFO - 127.0.0.1 - - [24/Oct/2025 21:54:49] "GET / HTTP/1.1" 200 -
2025-10-24 21:54:59,493 - INFO - 127.0.0.1 - - [24/Oct/2025 21:54:59] "GET / HTTP/1.1" 200 -
2025-10-24 21:55:09,567 - INFO - 127.0.0.1 - - [24/Oct/2025 21:55:09] "GET / HTTP/1.1" 200 -
2025-10-24 21:55:11,886 - INFO - Running job "Trader.check_positions (trigger: interval[0:01:00], next run at: 2025-10-24 21:56:11 -03)" (scheduled at 2025-10-24 21:55:11.879636-03:00)
2025-10-24 21:55:11,887 - INFO - Job "Trader.check_positions (trigger: interval[0:01:00], next run at: 2025-10-24 21:56:11 -03)" executed successfully
2025-10-24 21:55:19,661 - INFO - 127.0.0.1 - - [24/Oct/2025 21:55:19] "GET / HTTP/1.1" 200 -
2025-10-24 21:56:48,986 - INFO - PayPal P2P configurado correctamente
2025-10-24 21:56:50,933 - INFO - Conexión a Binance (LIVE)
2025-10-24 21:56:52,279 - INFO - Conexión a Binance (LIVE)
2025-10-24 21:56:52,296 - INFO - Bot inicializado correctamente
2025-10-24 21:56:52,296 - INFO - Adding job tentatively -- it will be properly scheduled when the scheduler starts
2025-10-24 21:56:52,296 - INFO - Adding job tentatively -- it will be properly scheduled when the scheduler starts
2025-10-24 21:56:52,312 - INFO - Added job "TradingBot.research_cycle" to job store "default"
2025-10-24 21:56:52,313 - INFO - Added job "Trader.check_positions" to job store "default"
2025-10-24 21:56:52,313 - INFO - Scheduler started
2025-10-24 21:56:52,315 - INFO - Bot iniciado con APScheduler (MODO TESTNET)
2025-10-24 21:56:54,333 - INFO - [31m[1mWARNING: This is a development server. Do not use it in a production deployment. Use a production WSGI server instead.[0m
 * Running on http://127.0.0.1:5000
2025-10-24 21:56:54,335 - INFO - [33mPress CTRL+C to quit[0m
2025-10-24 21:56:57,541 - INFO - 127.0.0.1 - - [24/Oct/2025 21:56:57] "GET / HTTP/1.1" 200 -
2025-10-24 21:57:07,939 - INFO - 127.0.0.1 - - [24/Oct/2025 21:57:07] "GET / HTTP/1.1" 200 -
2025-10-24 21:57:18,077 - INFO - 127.0.0.1 - - [24/Oct/2025 21:57:18] "GET / HTTP/1.1" 200 -
2025-10-24 21:57:28,140 - INFO - 127.0.0.1 - - [24/Oct/2025 21:57:28] "GET / HTTP/1.1" 200 -
2025-10-24 21:57:38,238 - INFO - 127.0.0.1 - - [24/Oct/2025 21:57:38] "GET / HTTP/1.1" 200 -
2025-10-24 21:57:48,349 - INFO - 127.0.0.1 - - [24/Oct/2025 21:57:48] "GET / HTTP/1.1" 200 -
2025-10-24 21:57:52,308 - INFO - Running job "Trader.check_positions (trigger: interval[0:01:00], next run at: 2025-10-24 21:57:52 -03)" (scheduled at 2025-10-24 21:57:52.296969-03:00)
2025-10-24 21:57:52,308 - INFO - Job "Trader.check_positions (trigger: interval[0:01:00], next run at: 2025-10-24 21:58:52 -03)" executed successfully
2025-10-24 21:57:58,474 - INFO - 127.0.0.1 - - [24/Oct/2025 21:57:58] "GET / HTTP/1.1" 200 -
2025-10-24 21:58:08,582 - INFO - 127.0.0.1 - - [24/Oct/2025 21:58:08] "GET / HTTP/1.1" 200 -
2025-10-24 21:58:18,685 - INFO - 127.0.0.1 - - [24/Oct/2025 21:58:18] "GET / HTTP/1.1" 200 -
2025-10-24 21:58:28,750 - INFO - 127.0.0.1 - - [24/Oct/2025 21:58:28] "GET / HTTP/1.1" 200 -
2025-10-24 21:58:38,849 - INFO - 127.0.0.1 - - [24/Oct/2025 21:58:38] "GET / HTTP/1.1" 200 -
2025-10-24 21:58:48,998 - INFO - 127.0.0.1 - - [24/Oct/2025 21:58:48] "GET / HTTP/1.1" 200 -
2025-10-24 21:58:52,307 - INFO - Running job "Trader.check_positions (trigger: interval[0:01:00], next run at: 2025-10-24 21:59:52 -03)" (scheduled at 2025-10-24 21:58:52.296969-03:00)
2025-10-24 21:58:52,307 - INFO - Job "Trader.check_positions (trigger: interval[0:01:00], next run at: 2025-10-24 21:59:52 -03)" executed successfully
2025-10-24 22:03:18,250 - INFO - PayPal P2P configurado correctamente
2025-10-24 22:03:21,017 - INFO - Conexión a Binance (LIVE)
2025-10-24 22:03:22,765 - INFO - Conexión a Binance (LIVE)
2025-10-24 22:03:22,775 - INFO - Bot inicializado correctamente
2025-10-24 22:03:22,785 - INFO - Adding job tentatively -- it will be properly scheduled when the scheduler starts
2025-10-24 22:03:22,804 - INFO - Adding job tentatively -- it will be properly scheduled when the scheduler starts
2025-10-24 22:03:22,817 - INFO - Added job "TradingBot.research_cycle" to job store "default"
2025-10-24 22:03:22,825 - INFO - Added job "Trader.check_positions" to job store "default"
2025-10-24 22:03:22,827 - INFO - Scheduler started
2025-10-24 22:03:22,833 - INFO - Bot iniciado con APScheduler (MODO TESTNET)
2025-10-24 22:03:24,818 - INFO - [31m[1mWARNING: This is a development server. Do not use it in a production deployment. Use a production WSGI server instead.[0m
 * Running on http://127.0.0.1:5000
2025-10-24 22:03:24,834 - INFO - [33mPress CTRL+C to quit[0m
2025-10-24 22:03:28,294 - INFO - 127.0.0.1 - - [24/Oct/2025 22:03:28] "GET / HTTP/1.1" 200 -
2025-10-24 22:03:38,789 - INFO - 127.0.0.1 - - [24/Oct/2025 22:03:38] "GET / HTTP/1.1" 200 -
2025-10-24 22:03:48,909 - INFO - 127.0.0.1 - - [24/Oct/2025 22:03:48] "GET / HTTP/1.1" 200 -
2025-10-24 22:03:59,038 - INFO - 127.0.0.1 - - [24/Oct/2025 22:03:59] "GET / HTTP/1.1" 200 -
2025-10-24 22:04:09,167 - INFO - 127.0.0.1 - - [24/Oct/2025 22:04:09] "GET / HTTP/1.1" 200 -
2025-10-24 22:04:19,251 - INFO - 127.0.0.1 - - [24/Oct/2025 22:04:19] "GET / HTTP/1.1" 200 -
2025-10-24 22:04:22,808 - INFO - Running job "Trader.check_positions (trigger: interval[0:01:00], next run at: 2025-10-24 22:04:22 -03)" (scheduled at 2025-10-24 22:04:22.804014-03:00)
2025-10-24 22:04:22,808 - INFO - Job "Trader.check_positions (trigger: interval[0:01:00], next run at: 2025-10-24 22:05:22 -03)" executed successfully
2025-10-24 22:04:29,403 - INFO - 127.0.0.1 - - [24/Oct/2025 22:04:29] "GET / HTTP/1.1" 200 -
2025-10-24 22:04:39,522 - INFO - 127.0.0.1 - - [24/Oct/2025 22:04:39] "GET / HTTP/1.1" 200 -
2025-10-24 22:04:49,649 - INFO - 127.0.0.1 - - [24/Oct/2025 22:04:49] "GET / HTTP/1.1" 200 -
2025-10-24 22:04:59,752 - INFO - 127.0.0.1 - - [24/Oct/2025 22:04:59] "GET / HTTP/1.1" 200 -
2025-10-24 22:05:09,870 - INFO - 127.0.0.1 - - [24/Oct/2025 22:05:09] "GET / HTTP/1.1" 200 -
2025-10-24 22:05:19,990 - INFO - 127.0.0.1 - - [24/Oct/2025 22:05:19] "GET / HTTP/1.1" 200 -
2025-10-24 22:05:22,806 - INFO - Running job "Trader.check_positions (trigger: interval[0:01:00], next run at: 2025-10-24 22:06:22 -03)" (scheduled at 2025-10-24 22:05:22.804014-03:00)
2025-10-24 22:05:22,808 - INFO - Job "Trader.check_positions (trigger: interval[0:01:00], next run at: 2025-10-24 22:06:22 -03)" executed successfully
2025-10-24 22:05:30,113 - INFO - 127.0.0.1 - - [24/Oct/2025 22:05:30] "GET / HTTP/1.1" 200 -
2025-10-24 22:05:40,226 - INFO - 127.0.0.1 - - [24/Oct/2025 22:05:40] "GET / HTTP/1.1" 200 -
2025-10-24 22:05:50,330 - INFO - 127.0.0.1 - - [24/Oct/2025 22:05:50] "GET / HTTP/1.1" 200 -
2025-10-24 22:06:00,443 - INFO - 127.0.0.1 - - [24/Oct/2025 22:06:00] "GET / HTTP/1.1" 200 -
2025-10-24 22:06:10,545 - INFO - 127.0.0.1 - - [24/Oct/2025 22:06:10] "GET / HTTP/1.1" 200 -
2025-10-24 22:06:20,637 - INFO - 127.0.0.1 - - [24/Oct/2025 22:06:20] "GET / HTTP/1.1" 200 -
2025-10-24 22:06:22,792 - INFO - Running job "TradingBot.research_cycle (trigger: interval[0:03:00], next run at: 2025-10-24 22:09:22 -03)" (scheduled at 2025-10-24 22:06:22.784988-03:00)
2025-10-24 22:06:22,794 - INFO - Iniciando investigación de mercado...
2025-10-24 22:06:22,794 - INFO - MODO PRUEBA: Forzando señal de compra en BTCUSDT
2025-10-24 22:06:22,794 - INFO - Análisis forzado: BTCUSDT -> BUY
2025-10-24 22:06:22,811 - INFO - Running job "Trader.check_positions (trigger: interval[0:01:00], next run at: 2025-10-24 22:06:22 -03)" (scheduled at 2025-10-24 22:06:22.804014-03:00)
2025-10-24 22:06:22,813 - INFO - Job "Trader.check_positions (trigger: interval[0:01:00], next run at: 2025-10-24 22:07:22 -03)" executed successfully
2025-10-24 22:06:23,103 - WARNING - Error balance (clave inválida?): APIError(code=-2015): Invalid API-key, IP, or permissions for action.
2025-10-24 22:06:23,416 - INFO - Orden simulada: BUY 0.00018 BTCUSDT
2025-10-24 22:06:23,416 - INFO - Posición abierta: BUY 0.00018 BTCUSDT @ 110818.98
2025-10-24 22:06:25,166 - INFO - Señal: BTCUSDT -> BUY
2025-10-24 22:06:25,166 - INFO - Job "TradingBot.research_cycle (trigger: interval[0:03:00], next run at: 2025-10-24 22:09:22 -03)" executed successfully
2025-10-24 22:06:30,712 - INFO - 127.0.0.1 - - [24/Oct/2025 22:06:30] "GET / HTTP/1.1" 200 -
2025-10-24 22:06:40,826 - INFO - 127.0.0.1 - - [24/Oct/2025 22:06:40] "GET / HTTP/1.1" 200 -
2025-10-24 22:06:50,940 - INFO - 127.0.0.1 - - [24/Oct/2025 22:06:50] "GET / HTTP/1.1" 200 -
2025-10-24 22:07:01,043 - INFO - 127.0.0.1 - - [24/Oct/2025 22:07:01] "GET / HTTP/1.1" 200 -
2025-10-24 22:07:11,161 - INFO - 127.0.0.1 - - [24/Oct/2025 22:07:11] "GET / HTTP/1.1" 200 -
2025-10-24 22:07:21,272 - INFO - 127.0.0.1 - - [24/Oct/2025 22:07:21] "GET / HTTP/1.1" 200 -
2025-10-24 22:07:22,806 - INFO - Running job "Trader.check_positions (trigger: interval[0:01:00], next run at: 2025-10-24 22:08:22 -03)" (scheduled at 2025-10-24 22:07:22.804014-03:00)
2025-10-24 22:07:22,806 - INFO - Job "Trader.check_positions (trigger: interval[0:01:00], next run at: 2025-10-24 22:08:22 -03)" executed successfully
2025-10-24 22:07:31,399 - INFO - 127.0.0.1 - - [24/Oct/2025 22:07:31] "GET / HTTP/1.1" 200 -
2025-10-24 22:07:41,539 - INFO - 127.0.0.1 - - [24/Oct/2025 22:07:41] "GET / HTTP/1.1" 200 -
2025-10-24 22:07:51,641 - INFO - 127.0.0.1 - - [24/Oct/2025 22:07:51] "GET / HTTP/1.1" 200 -
2025-10-24 22:08:01,769 - INFO - 127.0.0.1 - - [24/Oct/2025 22:08:01] "GET / HTTP/1.1" 200 -
2025-10-24 22:08:11,889 - INFO - 127.0.0.1 - - [24/Oct/2025 22:08:11] "GET / HTTP/1.1" 200 -
2025-10-24 22:08:22,044 - INFO - 127.0.0.1 - - [24/Oct/2025 22:08:22] "GET / HTTP/1.1" 200 -
2025-10-24 22:08:22,808 - INFO - Running job "Trader.check_positions (trigger: interval[0:01:00], next run at: 2025-10-24 22:09:22 -03)" (scheduled at 2025-10-24 22:08:22.804014-03:00)
2025-10-24 22:08:22,808 - INFO - Job "Trader.check_positions (trigger: interval[0:01:00], next run at: 2025-10-24 22:09:22 -03)" executed successfully
2025-10-24 23:19:55,415 - INFO - PayPal P2P configurado correctamente
2025-10-24 23:19:58,232 - INFO - Conexión a Binance (LIVE)
2025-10-24 23:19:59,611 - INFO - Conexión a Binance (LIVE)
2025-10-24 23:19:59,642 - INFO - Bot inicializado correctamente
2025-10-24 23:19:59,663 - INFO - Adding job tentatively -- it will be properly scheduled when the scheduler starts
2025-10-24 23:19:59,671 - INFO - Adding job tentatively -- it will be properly scheduled when the scheduler starts
2025-10-24 23:19:59,675 - INFO - Added job "TradingBot.research_cycle" to job store "default"
2025-10-24 23:19:59,687 - INFO - Added job "Trader.check_positions" to job store "default"
2025-10-24 23:19:59,687 - INFO - Scheduler started
2025-10-24 23:19:59,690 - INFO - Bot iniciado con APScheduler (MODO TESTNET)
2025-10-24 23:20:01,709 - INFO - [31m[1mWARNING: This is a development server. Do not use it in a production deployment. Use a production WSGI server instead.[0m
 * Running on http://127.0.0.1:5000
2025-10-24 23:20:01,710 - INFO - [33mPress CTRL+C to quit[0m
2025-10-24 23:20:09,762 - INFO - 127.0.0.1 - - [24/Oct/2025 23:20:09] "GET / HTTP/1.1" 200 -
2025-10-24 23:20:14,647 - INFO - 127.0.0.1 - - [24/Oct/2025 23:20:14] "GET / HTTP/1.1" 200 -
2025-10-24 23:20:20,052 - INFO - 127.0.0.1 - - [24/Oct/2025 23:20:20] "GET / HTTP/1.1" 200 -
2025-10-24 23:20:25,002 - INFO - 127.0.0.1 - - [24/Oct/2025 23:20:25] "GET / HTTP/1.1" 200 -
2025-10-24 23:20:35,055 - INFO - 127.0.0.1 - - [24/Oct/2025 23:20:35] "GET / HTTP/1.1" 200 -
2025-10-24 23:20:45,175 - INFO - 127.0.0.1 - - [24/Oct/2025 23:20:45] "GET / HTTP/1.1" 200 -
2025-10-24 23:20:55,305 - INFO - 127.0.0.1 - - [24/Oct/2025 23:20:55] "GET / HTTP/1.1" 200 -
2025-10-24 23:20:59,683 - INFO - Running job "Trader.check_positions (trigger: interval[0:01:00], next run at: 2025-10-24 23:20:59 -03)" (scheduled at 2025-10-24 23:20:59.671471-03:00)
2025-10-24 23:20:59,683 - INFO - Job "Trader.check_positions (trigger: interval[0:01:00], next run at: 2025-10-24 23:21:59 -03)" executed successfully
2025-10-24 23:21:05,387 - INFO - 127.0.0.1 - - [24/Oct/2025 23:21:05] "GET / HTTP/1.1" 200 -
2025-10-24 23:21:15,503 - INFO - 127.0.0.1 - - [24/Oct/2025 23:21:15] "GET / HTTP/1.1" 200 -
2025-10-24 23:21:25,858 - INFO - 127.0.0.1 - - [24/Oct/2025 23:21:25] "GET / HTTP/1.1" 200 -
2025-10-24 23:21:35,914 - INFO - 127.0.0.1 - - [24/Oct/2025 23:21:35] "GET / HTTP/1.1" 200 -
2025-10-24 23:21:46,032 - INFO - 127.0.0.1 - - [24/Oct/2025 23:21:46] "GET / HTTP/1.1" 200 -
2025-10-24 23:21:56,100 - INFO - 127.0.0.1 - - [24/Oct/2025 23:21:56] "GET / HTTP/1.1" 200 -
2025-10-24 23:21:59,679 - INFO - Running job "Trader.check_positions (trigger: interval[0:01:00], next run at: 2025-10-24 23:22:59 -03)" (scheduled at 2025-10-24 23:21:59.671471-03:00)
2025-10-24 23:21:59,680 - INFO - Job "Trader.check_positions (trigger: interval[0:01:00], next run at: 2025-10-24 23:22:59 -03)" executed successfully
2025-10-24 23:22:06,189 - INFO - 127.0.0.1 - - [24/Oct/2025 23:22:06] "GET / HTTP/1.1" 200 -
2025-10-24 23:22:16,284 - INFO - 127.0.0.1 - - [24/Oct/2025 23:22:16] "GET / HTTP/1.1" 200 -
2025-10-24 23:22:26,362 - INFO - 127.0.0.1 - - [24/Oct/2025 23:22:26] "GET / HTTP/1.1" 200 -
2025-10-24 23:22:36,446 - INFO - 127.0.0.1 - - [24/Oct/2025 23:22:36] "GET / HTTP/1.1" 200 -
2025-10-24 23:22:46,547 - INFO - 127.0.0.1 - - [24/Oct/2025 23:22:46] "GET / HTTP/1.1" 200 -
2025-10-24 23:22:56,683 - INFO - 127.0.0.1 - - [24/Oct/2025 23:22:56] "GET / HTTP/1.1" 200 -
2025-10-24 23:22:59,667 - INFO - Running job "TradingBot.research_cycle (trigger: interval[0:03:00], next run at: 2025-10-24 23:25:59 -03)" (scheduled at 2025-10-24 23:22:59.663003-03:00)
2025-10-24 23:22:59,668 - INFO - Iniciando investigación de mercado...
2025-10-24 23:22:59,674 - INFO - MODO PRUEBA: Forzando señal de compra en BTCUSDT
2025-10-24 23:22:59,675 - INFO - Análisis forzado: BTCUSDT -> BUY
2025-10-24 23:22:59,687 - INFO - Running job "Trader.check_positions (trigger: interval[0:01:00], next run at: 2025-10-24 23:22:59 -03)" (scheduled at 2025-10-24 23:22:59.671471-03:00)
2025-10-24 23:22:59,690 - INFO - Job "Trader.check_positions (trigger: interval[0:01:00], next run at: 2025-10-24 23:23:59 -03)" executed successfully
2025-10-24 23:22:59,986 - WARNING - Error balance (clave inválida?): APIError(code=-2015): Invalid API-key, IP, or permissions for action.
2025-10-24 23:23:00,276 - INFO - Orden simulada: BUY 0.00018 BTCUSDT
2025-10-24 23:23:00,276 - INFO - Posición abierta: BUY 0.00018 BTCUSDT @ 111005.08
2025-10-24 23:23:04,308 - INFO - Señal: BTCUSDT -> BUY
2025-10-24 23:23:04,308 - INFO - Job "TradingBot.research_cycle (trigger: interval[0:03:00], next run at: 2025-10-24 23:25:59 -03)" executed successfully
2025-10-24 23:23:06,791 - INFO - 127.0.0.1 - - [24/Oct/2025 23:23:06] "GET / HTTP/1.1" 200 -
2025-10-24 23:23:16,891 - INFO - 127.0.0.1 - - [24/Oct/2025 23:23:16] "GET / HTTP/1.1" 200 -
2025-10-24 23:23:27,026 - INFO - 127.0.0.1 - - [24/Oct/2025 23:23:27] "GET / HTTP/1.1" 200 -
2025-10-24 23:23:37,151 - INFO - 127.0.0.1 - - [24/Oct/2025 23:23:37] "GET / HTTP/1.1" 200 -
2025-10-24 23:23:49,958 - INFO - 127.0.0.1 - - [24/Oct/2025 23:23:49] "GET / HTTP/1.1" 200 -
2025-10-24 23:23:59,682 - INFO - Running job "Trader.check_positions (trigger: interval[0:01:00], next run at: 2025-10-24 23:24:59 -03)" (scheduled at 2025-10-24 23:23:59.671471-03:00)
2025-10-24 23:23:59,682 - INFO - Job "Trader.check_positions (trigger: interval[0:01:00], next run at: 2025-10-24 23:24:59 -03)" executed successfully
2025-10-24 23:24:00,130 - INFO - 127.0.0.1 - - [24/Oct/2025 23:24:00] "GET / HTTP/1.1" 200 -
2025-10-24 23:24:10,273 - INFO - 127.0.0.1 - - [24/Oct/2025 23:24:10] "GET / HTTP/1.1" 200 -
2025-10-24 23:24:20,433 - INFO - 127.0.0.1 - - [24/Oct/2025 23:24:20] "GET / HTTP/1.1" 200 -
2025-10-24 23:24:30,521 - INFO - 127.0.0.1 - - [24/Oct/2025 23:24:30] "GET / HTTP/1.1" 200 -
2025-10-24 23:24:40,648 - INFO - 127.0.0.1 - - [24/Oct/2025 23:24:40] "GET / HTTP/1.1" 200 -
2025-10-24 23:24:50,768 - INFO - 127.0.0.1 - - [24/Oct/2025 23:24:50] "GET / HTTP/1.1" 200 -
2025-10-24 23:24:59,684 - INFO - Running job "Trader.check_positions (trigger: interval[0:01:00], next run at: 2025-10-24 23:25:59 -03)" (scheduled at 2025-10-24 23:24:59.671471-03:00)
2025-10-24 23:24:59,685 - INFO - Job "Trader.check_positions (trigger: interval[0:01:00], next run at: 2025-10-24 23:25:59 -03)" executed successfully
2025-10-24 23:25:00,909 - INFO - 127.0.0.1 - - [24/Oct/2025 23:25:00] "GET / HTTP/1.1" 200 -
2025-10-24 23:25:10,969 - INFO - 127.0.0.1 - - [24/Oct/2025 23:25:10] "GET / HTTP/1.1" 200 -
2025-10-24 23:25:21,047 - INFO - 127.0.0.1 - - [24/Oct/2025 23:25:21] "GET / HTTP/1.1" 200 -
2025-10-24 23:25:31,199 - INFO - 127.0.0.1 - - [24/Oct/2025 23:25:31] "GET / HTTP/1.1" 200 -
2025-10-24 23:25:41,316 - INFO - 127.0.0.1 - - [24/Oct/2025 23:25:41] "GET / HTTP/1.1" 200 -
2025-10-24 23:25:51,509 - INFO - 127.0.0.1 - - [24/Oct/2025 23:25:51] "GET / HTTP/1.1" 200 -
2025-10-24 23:25:59,668 - INFO - Running job "TradingBot.research_cycle (trigger: interval[0:03:00], next run at: 2025-10-24 23:28:59 -03)" (scheduled at 2025-10-24 23:25:59.663003-03:00)
2025-10-24 23:25:59,668 - INFO - Iniciando investigación de mercado...
2025-10-24 23:25:59,669 - INFO - MODO PRUEBA: Forzando señal de compra en BTCUSDT
2025-10-24 23:25:59,669 - INFO - Análisis forzado: BTCUSDT -> BUY
2025-10-24 23:25:59,685 - INFO - Running job "Trader.check_positions (trigger: interval[0:01:00], next run at: 2025-10-24 23:26:59 -03)" (scheduled at 2025-10-24 23:25:59.671471-03:00)
2025-10-24 23:25:59,687 - INFO - Job "Trader.check_positions (trigger: interval[0:01:00], next run at: 2025-10-24 23:26:59 -03)" executed successfully
2025-10-24 23:25:59,964 - WARNING - Error balance (clave inválida?): APIError(code=-2015): Invalid API-key, IP, or permissions for action.
2025-10-24 23:26:00,271 - INFO - Orden simulada: BUY 0.00018 BTCUSDT
2025-10-24 23:26:00,271 - INFO - Posición abierta: BUY 0.00018 BTCUSDT @ 110977.56
2025-10-24 23:26:01,849 - INFO - 127.0.0.1 - - [24/Oct/2025 23:26:01] "GET / HTTP/1.1" 200 -
2025-10-24 23:26:02,359 - INFO - Señal: BTCUSDT -> BUY
2025-10-24 23:26:02,359 - INFO - Job "TradingBot.research_cycle (trigger: interval[0:03:00], next run at: 2025-10-24 23:28:59 -03)" executed successfully
2025-10-24 23:26:11,964 - INFO - 127.0.0.1 - - [24/Oct/2025 23:26:11] "GET / HTTP/1.1" 200 -
2025-10-24 23:26:22,186 - INFO - 127.0.0.1 - - [24/Oct/2025 23:26:22] "GET / HTTP/1.1" 200 -
2025-10-24 23:26:32,271 - INFO - 127.0.0.1 - - [24/Oct/2025 23:26:32] "GET / HTTP/1.1" 200 -
2025-10-24 23:26:42,362 - INFO - 127.0.0.1 - - [24/Oct/2025 23:26:42] "GET / HTTP/1.1" 200 -
2025-10-24 23:26:52,560 - INFO - 127.0.0.1 - - [24/Oct/2025 23:26:52] "GET / HTTP/1.1" 200 -
2025-10-24 23:26:59,677 - INFO - Running job "Trader.check_positions (trigger: interval[0:01:00], next run at: 2025-10-24 23:27:59 -03)" (scheduled at 2025-10-24 23:26:59.671471-03:00)
2025-10-24 23:26:59,680 - INFO - Job "Trader.check_positions (trigger: interval[0:01:00], next run at: 2025-10-24 23:27:59 -03)" executed successfully
2025-10-24 23:27:02,686 - INFO - 127.0.0.1 - - [24/Oct/2025 23:27:02] "GET / HTTP/1.1" 200 -
2025-10-24 23:27:12,767 - INFO - 127.0.0.1 - - [24/Oct/2025 23:27:12] "GET / HTTP/1.1" 200 -
2025-10-24 23:27:22,840 - INFO - 127.0.0.1 - - [24/Oct/2025 23:27:22] "GET / HTTP/1.1" 200 -
2025-10-24 23:27:33,023 - INFO - 127.0.0.1 - - [24/Oct/2025 23:27:33] "GET / HTTP/1.1" 200 -
2025-10-24 23:27:43,547 - INFO - 127.0.0.1 - - [24/Oct/2025 23:27:43] "GET / HTTP/1.1" 200 -
2025-10-24 23:27:53,768 - INFO - 127.0.0.1 - - [24/Oct/2025 23:27:53] "GET / HTTP/1.1" 200 -
2025-10-24 23:27:59,681 - INFO - Running job "Trader.check_positions (trigger: interval[0:01:00], next run at: 2025-10-24 23:28:59 -03)" (scheduled at 2025-10-24 23:27:59.671471-03:00)
2025-10-24 23:27:59,681 - INFO - Job "Trader.check_positions (trigger: interval[0:01:00], next run at: 2025-10-24 23:28:59 -03)" executed successfully
2025-10-24 23:28:03,895 - INFO - 127.0.0.1 - - [24/Oct/2025 23:28:03] "GET / HTTP/1.1" 200 -
2025-10-24 23:28:13,970 - INFO - 127.0.0.1 - - [24/Oct/2025 23:28:13] "GET / HTTP/1.1" 200 -
2025-10-24 23:28:24,079 - INFO - 127.0.0.1 - - [24/Oct/2025 23:28:24] "GET / HTTP/1.1" 200 -
2025-10-24 23:28:34,201 - INFO - 127.0.0.1 - - [24/Oct/2025 23:28:34] "GET / HTTP/1.1" 200 -
2025-10-24 23:28:44,310 - INFO - 127.0.0.1 - - [24/Oct/2025 23:28:44] "GET / HTTP/1.1" 200 -
2025-10-24 23:28:54,428 - INFO - 127.0.0.1 - - [24/Oct/2025 23:28:54] "GET / HTTP/1.1" 200 -
2025-10-24 23:28:59,918 - INFO - Running job "Trader.check_positions (trigger: interval[0:01:00], next run at: 2025-10-24 23:29:59 -03)" (scheduled at 2025-10-24 23:28:59.671471-03:00)
2025-10-24 23:28:59,920 - INFO - Job "Trader.check_positions (trigger: interval[0:01:00], next run at: 2025-10-24 23:29:59 -03)" executed successfully
2025-10-24 23:29:00,009 - INFO - Running job "TradingBot.research_cycle (trigger: interval[0:03:00], next run at: 2025-10-24 23:31:59 -03)" (scheduled at 2025-10-24 23:28:59.663003-03:00)
2025-10-24 23:29:00,193 - INFO - Iniciando investigación de mercado...
2025-10-24 23:29:00,261 - INFO - MODO PRUEBA: Forzando señal de compra en BTCUSDT
2025-10-24 23:29:00,277 - INFO - Análisis forzado: BTCUSDT -> BUY
2025-10-24 23:29:00,610 - WARNING - Error balance (clave inválida?): APIError(code=-2015): Invalid API-key, IP, or permissions for action.
2025-10-24 23:29:00,912 - INFO - Orden simulada: BUY 0.00018 BTCUSDT
2025-10-24 23:29:00,912 - INFO - Posición abierta: BUY 0.00018 BTCUSDT @ 111009.17
2025-10-24 23:29:05,200 - INFO - 127.0.0.1 - - [24/Oct/2025 23:29:05] "GET / HTTP/1.1" 200 -
2025-10-24 23:29:05,212 - INFO - Señal: BTCUSDT -> BUY
2025-10-24 23:29:05,213 - INFO - Job "TradingBot.research_cycle (trigger: interval[0:03:00], next run at: 2025-10-24 23:31:59 -03)" executed successfully
2025-10-24 23:29:17,178 - INFO - 127.0.0.1 - - [24/Oct/2025 23:29:17] "GET / HTTP/1.1" 200 -
2025-10-24 23:29:27,335 - INFO - 127.0.0.1 - - [24/Oct/2025 23:29:27] "GET / HTTP/1.1" 200 -
2025-10-24 23:29:37,496 - INFO - 127.0.0.1 - - [24/Oct/2025 23:29:37] "GET / HTTP/1.1" 200 -
2025-10-24 23:29:47,706 - INFO - 127.0.0.1 - - [24/Oct/2025 23:29:47] "GET / HTTP/1.1" 200 -
2025-10-24 23:40:16,340 - INFO - PayPal P2P configurado correctamente
2025-10-24 23:40:18,222 - INFO - Conexión a Binance (LIVE)
2025-10-24 23:40:19,627 - INFO - Conexión a Binance (LIVE)
2025-10-24 23:40:19,641 - INFO - Bot inicializado correctamente
2025-10-24 23:40:20,076 - INFO - Adding job tentatively -- it will be properly scheduled when the scheduler starts
2025-10-24 23:40:20,323 - INFO - Adding job tentatively -- it will be properly scheduled when the scheduler starts
2025-10-24 23:40:20,599 - INFO - Added job "TradingBot.research_cycle" to job store "default"
2025-10-24 23:40:20,747 - INFO - Added job "Trader.check_positions" to job store "default"
2025-10-24 23:40:20,748 - INFO - Scheduler started
2025-10-24 23:40:20,756 - INFO - Bot iniciado con APScheduler (MODO TESTNET)
2025-10-24 23:40:22,325 - INFO - [31m[1mWARNING: This is a development server. Do not use it in a production deployment. Use a production WSGI server instead.[0m
 * Running on http://127.0.0.1:5000
2025-10-24 23:40:22,457 - INFO - [33mPress CTRL+C to quit[0m
2025-10-24 23:40:25,794 - INFO - 127.0.0.1 - - [24/Oct/2025 23:40:25] "GET / HTTP/1.1" 200 -
2025-10-24 23:40:36,107 - INFO - 127.0.0.1 - - [24/Oct/2025 23:40:36] "GET / HTTP/1.1" 200 -
2025-10-24 23:40:46,172 - INFO - 127.0.0.1 - - [24/Oct/2025 23:40:46] "GET / HTTP/1.1" 200 -
2025-10-24 23:40:56,252 - INFO - 127.0.0.1 - - [24/Oct/2025 23:40:56] "GET / HTTP/1.1" 200 -
2025-10-24 23:41:06,334 - INFO - 127.0.0.1 - - [24/Oct/2025 23:41:06] "GET / HTTP/1.1" 200 -
2025-10-24 23:41:17,245 - INFO - 127.0.0.1 - - [24/Oct/2025 23:41:17] "GET / HTTP/1.1" 200 -
2025-10-24 23:41:20,327 - INFO - Running job "Trader.check_positions (trigger: interval[0:01:00], next run at: 2025-10-24 23:41:20 -03)" (scheduled at 2025-10-24 23:41:20.323102-03:00)
2025-10-24 23:41:20,361 - INFO - Job "Trader.check_positions (trigger: interval[0:01:00], next run at: 2025-10-24 23:42:20 -03)" executed successfully
2025-10-24 23:41:27,409 - INFO - 127.0.0.1 - - [24/Oct/2025 23:41:27] "GET / HTTP/1.1" 200 -
2025-10-24 23:41:38,479 - INFO - 127.0.0.1 - - [24/Oct/2025 23:41:38] "GET / HTTP/1.1" 200 -
2025-10-24 23:41:48,769 - INFO - 127.0.0.1 - - [24/Oct/2025 23:41:48] "GET / HTTP/1.1" 200 -
2025-10-24 23:41:58,883 - INFO - 127.0.0.1 - - [24/Oct/2025 23:41:58] "GET / HTTP/1.1" 200 -
2025-10-24 23:42:08,980 - INFO - 127.0.0.1 - - [24/Oct/2025 23:42:08] "GET / HTTP/1.1" 200 -
2025-10-24 23:42:19,123 - INFO - 127.0.0.1 - - [24/Oct/2025 23:42:19] "GET / HTTP/1.1" 200 -
2025-10-24 23:42:20,338 - INFO - Running job "Trader.check_positions (trigger: interval[0:01:00], next run at: 2025-10-24 23:43:20 -03)" (scheduled at 2025-10-24 23:42:20.323102-03:00)
2025-10-24 23:42:20,338 - INFO - Job "Trader.check_positions (trigger: interval[0:01:00], next run at: 2025-10-24 23:43:20 -03)" executed successfully
2025-10-24 23:42:29,191 - INFO - 127.0.0.1 - - [24/Oct/2025 23:42:29] "GET / HTTP/1.1" 200 -
2025-10-24 23:42:39,255 - INFO - 127.0.0.1 - - [24/Oct/2025 23:42:39] "GET / HTTP/1.1" 200 -
2025-10-24 23:42:49,441 - INFO - 127.0.0.1 - - [24/Oct/2025 23:42:49] "GET / HTTP/1.1" 200 -
2025-10-24 23:42:59,506 - INFO - 127.0.0.1 - - [24/Oct/2025 23:42:59] "GET / HTTP/1.1" 200 -
2025-10-24 23:44:32,013 - INFO - PayPal P2P configurado correctamente
2025-10-24 23:44:34,409 - INFO - Conexión a Binance (LIVE)
2025-10-24 23:44:35,994 - INFO - Conexión a Binance (LIVE)
2025-10-24 23:44:36,005 - INFO - Bot inicializado correctamente
2025-10-24 23:44:36,035 - INFO - Adding job tentatively -- it will be properly scheduled when the scheduler starts
2025-10-24 23:44:36,036 - INFO - Adding job tentatively -- it will be properly scheduled when the scheduler starts
2025-10-24 23:44:36,040 - INFO - Added job "TradingBot.research_cycle" to job store "default"
2025-10-24 23:44:36,049 - INFO - Added job "Trader.check_positions" to job store "default"
2025-10-24 23:44:36,051 - INFO - Scheduler started
2025-10-24 23:44:36,056 - INFO - Bot iniciado con APScheduler (MODO TESTNET)
2025-10-24 23:44:38,089 - INFO - [31m[1mWARNING: This is a development server. Do not use it in a production deployment. Use a production WSGI server instead.[0m
 * Running on http://127.0.0.1:5000
2025-10-24 23:44:38,099 - INFO - [33mPress CTRL+C to quit[0m
2025-10-24 23:44:38,275 - INFO - 127.0.0.1 - - [24/Oct/2025 23:44:38] "GET / HTTP/1.1" 200 -
2025-10-24 23:44:48,520 - INFO - 127.0.0.1 - - [24/Oct/2025 23:44:48] "GET / HTTP/1.1" 200 -
2025-10-24 23:44:58,629 - INFO - 127.0.0.1 - - [24/Oct/2025 23:44:58] "GET / HTTP/1.1" 200 -
2025-10-24 23:45:08,697 - INFO - 127.0.0.1 - - [24/Oct/2025 23:45:08] "GET / HTTP/1.1" 200 -
2025-10-24 23:45:18,765 - INFO - 127.0.0.1 - - [24/Oct/2025 23:45:18] "GET / HTTP/1.1" 200 -
2025-10-24 23:47:05,643 - INFO - PayPal P2P configurado correctamente
2025-10-24 23:47:07,665 - INFO - Conexión a Binance (LIVE)
2025-10-24 23:47:09,135 - INFO - Conexión a Binance (LIVE)
2025-10-24 23:47:09,152 - INFO - Bot inicializado correctamente
2025-10-24 23:47:09,204 - INFO - Adding job tentatively -- it will be properly scheduled when the scheduler starts
2025-10-24 23:47:09,209 - INFO - Adding job tentatively -- it will be properly scheduled when the scheduler starts
2025-10-24 23:47:09,227 - INFO - Added job "TradingBot.research_cycle" to job store "default"
2025-10-24 23:47:09,239 - INFO - Added job "Trader.check_positions" to job store "default"
2025-10-24 23:47:09,240 - INFO - Scheduler started
2025-10-24 23:47:09,253 - INFO - Bot iniciado con APScheduler (MODO TESTNET)
2025-10-24 23:47:11,215 - INFO - [31m[1mWARNING: This is a development server. Do not use it in a production deployment. Use a production WSGI server instead.[0m
 * Running on http://127.0.0.1:5000
2025-10-24 23:47:11,219 - INFO - [33mPress CTRL+C to quit[0m
2025-10-24 23:47:25,167 - INFO - 127.0.0.1 - - [24/Oct/2025 23:47:25] "GET / HTTP/1.1" 200 -
2025-10-24 23:47:35,505 - INFO - 127.0.0.1 - - [24/Oct/2025 23:47:35] "GET / HTTP/1.1" 200 -
2025-10-24 23:47:45,571 - INFO - 127.0.0.1 - - [24/Oct/2025 23:47:45] "GET / HTTP/1.1" 200 -
2025-10-24 23:47:55,665 - INFO - 127.0.0.1 - - [24/Oct/2025 23:47:55] "GET / HTTP/1.1" 200 -
2025-10-24 23:48:05,799 - INFO - 127.0.0.1 - - [24/Oct/2025 23:48:05] "GET / HTTP/1.1" 200 -
2025-10-24 23:48:09,214 - INFO - Running job "Trader.check_positions (trigger: interval[0:01:00], next run at: 2025-10-24 23:48:09 -03)" (scheduled at 2025-10-24 23:48:09.208525-03:00)
2025-10-24 23:48:09,216 - INFO - Job "Trader.check_positions (trigger: interval[0:01:00], next run at: 2025-10-24 23:49:09 -03)" executed successfully
2025-10-24 23:48:15,868 - INFO - 127.0.0.1 - - [24/Oct/2025 23:48:15] "GET / HTTP/1.1" 200 -
2025-10-24 23:48:25,947 - INFO - 127.0.0.1 - - [24/Oct/2025 23:48:25] "GET / HTTP/1.1" 200 -
2025-10-24 23:48:36,059 - INFO - 127.0.0.1 - - [24/Oct/2025 23:48:36] "GET / HTTP/1.1" 200 -
2025-10-24 23:48:46,131 - INFO - 127.0.0.1 - - [24/Oct/2025 23:48:46] "GET / HTTP/1.1" 200 -
2025-10-24 23:48:56,197 - INFO - 127.0.0.1 - - [24/Oct/2025 23:48:56] "GET / HTTP/1.1" 200 -
2025-10-24 23:49:06,272 - INFO - 127.0.0.1 - - [24/Oct/2025 23:49:06] "GET / HTTP/1.1" 200 -
2025-10-24 23:49:09,213 - INFO - Running job "Trader.check_positions (trigger: interval[0:01:00], next run at: 2025-10-24 23:50:09 -03)" (scheduled at 2025-10-24 23:49:09.208525-03:00)
2025-10-24 23:49:09,214 - INFO - Job "Trader.check_positions (trigger: interval[0:01:00], next run at: 2025-10-24 23:50:09 -03)" executed successfully
2025-10-24 23:49:16,344 - INFO - 127.0.0.1 - - [24/Oct/2025 23:49:16] "GET / HTTP/1.1" 200 -
2025-10-24 23:49:26,475 - INFO - 127.0.0.1 - - [24/Oct/2025 23:49:26] "GET / HTTP/1.1" 200 -
2025-10-24 23:49:36,553 - INFO - 127.0.0.1 - - [24/Oct/2025 23:49:36] "GET / HTTP/1.1" 200 -
2025-10-24 23:49:46,628 - INFO - 127.0.0.1 - - [24/Oct/2025 23:49:46] "GET / HTTP/1.1" 200 -
2025-10-24 23:49:56,726 - INFO - 127.0.0.1 - - [24/Oct/2025 23:49:56] "GET / HTTP/1.1" 200 -
2025-10-24 23:50:06,828 - INFO - 127.0.0.1 - - [24/Oct/2025 23:50:06] "GET / HTTP/1.1" 200 -
2025-10-24 23:50:09,214 - INFO - Running job "TradingBot.research_cycle (trigger: interval[0:03:00], next run at: 2025-10-24 23:53:09 -03)" (scheduled at 2025-10-24 23:50:09.200525-03:00)
2025-10-24 23:50:09,216 - INFO - Iniciando investigación de mercado...
2025-10-24 23:50:09,216 - INFO - MODO PRUEBA: Forzando señal de compra en BTCUSDT
2025-10-24 23:50:09,216 - INFO - Análisis forzado: BTCUSDT -> BUY
2025-10-24 23:50:09,227 - INFO - Running job "Trader.check_positions (trigger: interval[0:01:00], next run at: 2025-10-24 23:50:09 -03)" (scheduled at 2025-10-24 23:50:09.208525-03:00)
2025-10-24 23:50:09,236 - INFO - Job "Trader.check_positions (trigger: interval[0:01:00], next run at: 2025-10-24 23:51:09 -03)" executed successfully
2025-10-24 23:50:09,532 - WARNING - Error balance (clave inválida?): APIError(code=-2015): Invalid API-key, IP, or permissions for action.
2025-10-24 23:50:09,839 - INFO - Orden simulada: BUY 0.00018 BTCUSDT
2025-10-24 23:50:09,839 - INFO - Posición abierta: BUY 0.00018 BTCUSDT @ 111065.16
2025-10-24 23:50:13,346 - INFO - Señal: BTCUSDT -> BUY
2025-10-24 23:50:15,183 - INFO - Job "TradingBot.research_cycle (trigger: interval[0:03:00], next run at: 2025-10-24 23:53:09 -03)" executed successfully
2025-10-24 23:50:16,959 - INFO - 127.0.0.1 - - [24/Oct/2025 23:50:16] "GET / HTTP/1.1" 200 -
2025-10-24 23:50:27,074 - INFO - 127.0.0.1 - - [24/Oct/2025 23:50:27] "GET / HTTP/1.1" 200 -
2025-10-24 23:50:37,202 - INFO - 127.0.0.1 - - [24/Oct/2025 23:50:37] "GET / HTTP/1.1" 200 -
2025-10-24 23:50:47,274 - INFO - 127.0.0.1 - - [24/Oct/2025 23:50:47] "GET / HTTP/1.1" 200 -
2025-10-25 13:56:24,538 - INFO - PayPal P2P configurado correctamente
2025-10-25 13:56:27,337 - INFO - Conexión a Binance (LIVE) con ED25519
2025-10-25 13:56:28,769 - INFO - Conexión a Binance (LIVE) con ED25519
2025-10-25 13:56:28,784 - INFO - Bot inicializado correctamente
2025-10-25 13:56:28,806 - INFO - Adding job tentatively -- it will be properly scheduled when the scheduler starts
2025-10-25 13:56:28,806 - INFO - Adding job tentatively -- it will be properly scheduled when the scheduler starts
2025-10-25 13:56:28,814 - INFO - Added job "TradingBot.research_cycle" to job store "default"
2025-10-25 13:56:28,814 - INFO - Added job "Trader.check_positions" to job store "default"
2025-10-25 13:56:28,814 - INFO - Scheduler started
2025-10-25 13:56:28,818 - INFO - Bot iniciado con APScheduler (MODO TESTNET)
2025-10-25 13:56:30,844 - INFO - [31m[1mWARNING: This is a development server. Do not use it in a production deployment. Use a production WSGI server instead.[0m
 * Running on http://127.0.0.1:5000
2025-10-25 13:56:30,846 - INFO - [33mPress CTRL+C to quit[0m
2025-10-25 13:56:36,236 - INFO - 127.0.0.1 - - [25/Oct/2025 13:56:36] "GET / HTTP/1.1" 200 -
2025-10-25 13:56:36,626 - INFO - 127.0.0.1 - - [25/Oct/2025 13:56:36] "[33mGET /favicon.ico HTTP/1.1[0m" 404 -
2025-10-25 13:56:46,477 - INFO - 127.0.0.1 - - [25/Oct/2025 13:56:46] "GET / HTTP/1.1" 200 -
2025-10-25 13:56:56,569 - INFO - 127.0.0.1 - - [25/Oct/2025 13:56:56] "GET / HTTP/1.1" 200 -
2025-10-25 13:57:06,650 - INFO - 127.0.0.1 - - [25/Oct/2025 13:57:06] "GET / HTTP/1.1" 200 -
2025-10-25 13:57:16,737 - INFO - 127.0.0.1 - - [25/Oct/2025 13:57:16] "GET / HTTP/1.1" 200 -
2025-10-25 13:57:26,857 - INFO - 127.0.0.1 - - [25/Oct/2025 13:57:26] "GET / HTTP/1.1" 200 -
2025-10-25 13:57:29,065 - INFO - Running job "Trader.check_positions (trigger: interval[0:01:00], next run at: 2025-10-25 13:57:28 -03)" (scheduled at 2025-10-25 13:57:28.806693-03:00)
2025-10-25 13:57:29,068 - INFO - Job "Trader.check_positions (trigger: interval[0:01:00], next run at: 2025-10-25 13:58:28 -03)" executed successfully
2025-10-25 13:57:37,051 - INFO - 127.0.0.1 - - [25/Oct/2025 13:57:37] "GET / HTTP/1.1" 200 -
2025-10-25 13:57:47,130 - INFO - 127.0.0.1 - - [25/Oct/2025 13:57:47] "GET / HTTP/1.1" 200 -
2025-10-25 13:57:57,220 - INFO - 127.0.0.1 - - [25/Oct/2025 13:57:57] "GET / HTTP/1.1" 200 -
2025-10-25 13:58:07,366 - INFO - 127.0.0.1 - - [25/Oct/2025 13:58:07] "GET / HTTP/1.1" 200 -
2025-10-25 13:58:17,794 - INFO - 127.0.0.1 - - [25/Oct/2025 13:58:17] "GET / HTTP/1.1" 200 -
2025-10-25 13:58:27,868 - INFO - 127.0.0.1 - - [25/Oct/2025 13:58:27] "GET / HTTP/1.1" 200 -
2025-10-25 13:58:28,816 - INFO - Running job "Trader.check_positions (trigger: interval[0:01:00], next run at: 2025-10-25 13:59:28 -03)" (scheduled at 2025-10-25 13:58:28.806693-03:00)
2025-10-25 13:58:28,816 - INFO - Job "Trader.check_positions (trigger: interval[0:01:00], next run at: 2025-10-25 13:59:28 -03)" executed successfully
2025-10-25 13:58:37,979 - INFO - 127.0.0.1 - - [25/Oct/2025 13:58:37] "GET / HTTP/1.1" 200 -
2025-10-25 13:58:48,053 - INFO - 127.0.0.1 - - [25/Oct/2025 13:58:48] "GET / HTTP/1.1" 200 -
2025-10-25 13:58:58,108 - INFO - 127.0.0.1 - - [25/Oct/2025 13:58:58] "GET / HTTP/1.1" 200 -
2025-10-25 13:59:08,163 - INFO - 127.0.0.1 - - [25/Oct/2025 13:59:08] "GET / HTTP/1.1" 200 -
2025-10-25 13:59:18,553 - INFO - 127.0.0.1 - - [25/Oct/2025 13:59:18] "GET / HTTP/1.1" 200 -
2025-10-25 13:59:28,708 - INFO - 127.0.0.1 - - [25/Oct/2025 13:59:28] "GET / HTTP/1.1" 200 -
2025-10-25 13:59:28,807 - INFO - Running job "TradingBot.research_cycle (trigger: interval[0:03:00], next run at: 2025-10-25 14:02:28 -03)" (scheduled at 2025-10-25 13:59:28.805622-03:00)
2025-10-25 13:59:28,809 - INFO - Running job "Trader.check_positions (trigger: interval[0:01:00], next run at: 2025-10-25 13:59:28 -03)" (scheduled at 2025-10-25 13:59:28.806693-03:00)
2025-10-25 13:59:28,812 - INFO - Iniciando investigación de mercado...
2025-10-25 13:59:28,815 - INFO - Job "Trader.check_positions (trigger: interval[0:01:00], next run at: 2025-10-25 14:00:28 -03)" executed successfully
2025-10-25 13:59:28,817 - INFO - MODO PRUEBA: Forzando señal de compra en BTCUSDT
2025-10-25 13:59:28,819 - INFO - Análisis forzado: BTCUSDT -> BUY
2025-10-25 13:59:29,192 - WARNING - Error balance: APIError(code=-2014): API-key format invalid.
2025-10-25 13:59:29,510 - INFO - Orden simulada: BUY 0.00018 BTCUSDT
2025-10-25 13:59:29,510 - INFO - Posición abierta: BUY 0.00018 BTCUSDT @ 111372.24
2025-10-25 13:59:39,589 - INFO - 127.0.0.1 - - [25/Oct/2025 13:59:39] "GET / HTTP/1.1" 200 -
2025-10-25 13:59:40,365 - INFO - Señal: BTCUSDT -> BUY
2025-10-25 13:59:43,522 - INFO - Job "TradingBot.research_cycle (trigger: interval[0:03:00], next run at: 2025-10-25 14:02:28 -03)" executed successfully
2025-10-25 13:59:49,722 - INFO - 127.0.0.1 - - [25/Oct/2025 13:59:49] "GET / HTTP/1.1" 200 -
2025-10-25 13:59:59,932 - INFO - 127.0.0.1 - - [25/Oct/2025 13:59:59] "GET / HTTP/1.1" 200 -
2025-10-25 14:00:10,044 - INFO - 127.0.0.1 - - [25/Oct/2025 14:00:10] "GET / HTTP/1.1" 200 -
2025-10-25 14:00:20,114 - INFO - 127.0.0.1 - - [25/Oct/2025 14:00:20] "GET / HTTP/1.1" 200 -
2025-10-25 14:00:28,821 - INFO - Running job "Trader.check_positions (trigger: interval[0:01:00], next run at: 2025-10-25 14:01:28 -03)" (scheduled at 2025-10-25 14:00:28.806693-03:00)
2025-10-25 14:00:28,825 - INFO - Job "Trader.check_positions (trigger: interval[0:01:00], next run at: 2025-10-25 14:01:28 -03)" executed successfully
2025-10-25 14:00:30,513 - INFO - 127.0.0.1 - - [25/Oct/2025 14:00:30] "GET / HTTP/1.1" 200 -
2025-10-25 14:00:40,788 - INFO - 127.0.0.1 - - [25/Oct/2025 14:00:40] "GET / HTTP/1.1" 200 -
2025-10-25 14:00:51,018 - INFO - 127.0.0.1 - - [25/Oct/2025 14:00:51] "GET / HTTP/1.1" 200 -
2025-10-25 14:01:01,167 - INFO - 127.0.0.1 - - [25/Oct/2025 14:01:01] "GET / HTTP/1.1" 200 -
2025-10-25 14:01:11,830 - INFO - 127.0.0.1 - - [25/Oct/2025 14:01:11] "GET / HTTP/1.1" 200 -
2025-10-25 14:01:21,944 - INFO - 127.0.0.1 - - [25/Oct/2025 14:01:21] "GET / HTTP/1.1" 200 -
2025-10-25 14:01:28,816 - INFO - Running job "Trader.check_positions (trigger: interval[0:01:00], next run at: 2025-10-25 14:02:28 -03)" (scheduled at 2025-10-25 14:01:28.806693-03:00)
2025-10-25 14:01:28,817 - INFO - Job "Trader.check_positions (trigger: interval[0:01:00], next run at: 2025-10-25 14:02:28 -03)" executed successfully
2025-10-25 14:01:32,037 - INFO - 127.0.0.1 - - [25/Oct/2025 14:01:32] "GET / HTTP/1.1" 200 -
2025-10-25 14:01:42,114 - INFO - 127.0.0.1 - - [25/Oct/2025 14:01:42] "GET / HTTP/1.1" 200 -
2025-10-25 14:01:52,221 - INFO - 127.0.0.1 - - [25/Oct/2025 14:01:52] "GET / HTTP/1.1" 200 -
2025-10-25 14:02:02,319 - INFO - 127.0.0.1 - - [25/Oct/2025 14:02:02] "GET / HTTP/1.1" 200 -
